Archive member included to satisfy reference by file (symbol)

C:/ST/STM32CubeIDE_1.11.2/STM32CubeIDE/plugins/com.st.stm32cube.ide.mcu.externaltools.gnu-tools-for-stm32.11.3.rel1.win32_1.1.0.202305231506/tools/bin/../lib/gcc/arm-none-eabi/11.3.1/../../../../arm-none-eabi/lib/thumb/v7e-m+fp/hard\libc_nano.a(libc_a-exit.o)
                              C:/ST/STM32CubeIDE_1.11.2/STM32CubeIDE/plugins/com.st.stm32cube.ide.mcu.externaltools.gnu-tools-for-stm32.11.3.rel1.win32_1.1.0.202305231506/tools/bin/../lib/gcc/arm-none-eabi/11.3.1/../../../../arm-none-eabi/lib/thumb/v7e-m+fp/hard/crt0.o (exit)
C:/ST/STM32CubeIDE_1.11.2/STM32CubeIDE/plugins/com.st.stm32cube.ide.mcu.externaltools.gnu-tools-for-stm32.11.3.rel1.win32_1.1.0.202305231506/tools/bin/../lib/gcc/arm-none-eabi/11.3.1/../../../../arm-none-eabi/lib/thumb/v7e-m+fp/hard\libc_nano.a(libc_a-findfp.o)
                              C:/ST/STM32CubeIDE_1.11.2/STM32CubeIDE/plugins/com.st.stm32cube.ide.mcu.externaltools.gnu-tools-for-stm32.11.3.rel1.win32_1.1.0.202305231506/tools/bin/../lib/gcc/arm-none-eabi/11.3.1/../../../../arm-none-eabi/lib/thumb/v7e-m+fp/hard\libc_nano.a(libc_a-exit.o) (__stdio_exit_handler)
C:/ST/STM32CubeIDE_1.11.2/STM32CubeIDE/plugins/com.st.stm32cube.ide.mcu.externaltools.gnu-tools-for-stm32.11.3.rel1.win32_1.1.0.202305231506/tools/bin/../lib/gcc/arm-none-eabi/11.3.1/../../../../arm-none-eabi/lib/thumb/v7e-m+fp/hard\libc_nano.a(libc_a-fwalk.o)
                              C:/ST/STM32CubeIDE_1.11.2/STM32CubeIDE/plugins/com.st.stm32cube.ide.mcu.externaltools.gnu-tools-for-stm32.11.3.rel1.win32_1.1.0.202305231506/tools/bin/../lib/gcc/arm-none-eabi/11.3.1/../../../../arm-none-eabi/lib/thumb/v7e-m+fp/hard\libc_nano.a(libc_a-findfp.o) (_fwalk_sglue)
C:/ST/STM32CubeIDE_1.11.2/STM32CubeIDE/plugins/com.st.stm32cube.ide.mcu.externaltools.gnu-tools-for-stm32.11.3.rel1.win32_1.1.0.202305231506/tools/bin/../lib/gcc/arm-none-eabi/11.3.1/../../../../arm-none-eabi/lib/thumb/v7e-m+fp/hard\libc_nano.a(libc_a-sscanf.o)
                              ./Core/Src/mySrc/Communication.o (sscanf)
C:/ST/STM32CubeIDE_1.11.2/STM32CubeIDE/plugins/com.st.stm32cube.ide.mcu.externaltools.gnu-tools-for-stm32.11.3.rel1.win32_1.1.0.202305231506/tools/bin/../lib/gcc/arm-none-eabi/11.3.1/../../../../arm-none-eabi/lib/thumb/v7e-m+fp/hard\libc_nano.a(libc_a-stdio.o)
                              C:/ST/STM32CubeIDE_1.11.2/STM32CubeIDE/plugins/com.st.stm32cube.ide.mcu.externaltools.gnu-tools-for-stm32.11.3.rel1.win32_1.1.0.202305231506/tools/bin/../lib/gcc/arm-none-eabi/11.3.1/../../../../arm-none-eabi/lib/thumb/v7e-m+fp/hard\libc_nano.a(libc_a-findfp.o) (__sread)
C:/ST/STM32CubeIDE_1.11.2/STM32CubeIDE/plugins/com.st.stm32cube.ide.mcu.externaltools.gnu-tools-for-stm32.11.3.rel1.win32_1.1.0.202305231506/tools/bin/../lib/gcc/arm-none-eabi/11.3.1/../../../../arm-none-eabi/lib/thumb/v7e-m+fp/hard\libc_nano.a(libc_a-memset.o)
                              C:/ST/STM32CubeIDE_1.11.2/STM32CubeIDE/plugins/com.st.stm32cube.ide.mcu.externaltools.gnu-tools-for-stm32.11.3.rel1.win32_1.1.0.202305231506/tools/bin/../lib/gcc/arm-none-eabi/11.3.1/../../../../arm-none-eabi/lib/thumb/v7e-m+fp/hard/crt0.o (memset)
C:/ST/STM32CubeIDE_1.11.2/STM32CubeIDE/plugins/com.st.stm32cube.ide.mcu.externaltools.gnu-tools-for-stm32.11.3.rel1.win32_1.1.0.202305231506/tools/bin/../lib/gcc/arm-none-eabi/11.3.1/../../../../arm-none-eabi/lib/thumb/v7e-m+fp/hard\libc_nano.a(libc_a-closer.o)
                              C:/ST/STM32CubeIDE_1.11.2/STM32CubeIDE/plugins/com.st.stm32cube.ide.mcu.externaltools.gnu-tools-for-stm32.11.3.rel1.win32_1.1.0.202305231506/tools/bin/../lib/gcc/arm-none-eabi/11.3.1/../../../../arm-none-eabi/lib/thumb/v7e-m+fp/hard\libc_nano.a(libc_a-stdio.o) (_close_r)
C:/ST/STM32CubeIDE_1.11.2/STM32CubeIDE/plugins/com.st.stm32cube.ide.mcu.externaltools.gnu-tools-for-stm32.11.3.rel1.win32_1.1.0.202305231506/tools/bin/../lib/gcc/arm-none-eabi/11.3.1/../../../../arm-none-eabi/lib/thumb/v7e-m+fp/hard\libc_nano.a(libc_a-reent.o)
                              C:/ST/STM32CubeIDE_1.11.2/STM32CubeIDE/plugins/com.st.stm32cube.ide.mcu.externaltools.gnu-tools-for-stm32.11.3.rel1.win32_1.1.0.202305231506/tools/bin/../lib/gcc/arm-none-eabi/11.3.1/../../../../arm-none-eabi/lib/thumb/v7e-m+fp/hard\libc_nano.a(libc_a-closer.o) (errno)
C:/ST/STM32CubeIDE_1.11.2/STM32CubeIDE/plugins/com.st.stm32cube.ide.mcu.externaltools.gnu-tools-for-stm32.11.3.rel1.win32_1.1.0.202305231506/tools/bin/../lib/gcc/arm-none-eabi/11.3.1/../../../../arm-none-eabi/lib/thumb/v7e-m+fp/hard\libc_nano.a(libc_a-impure.o)
                              C:/ST/STM32CubeIDE_1.11.2/STM32CubeIDE/plugins/com.st.stm32cube.ide.mcu.externaltools.gnu-tools-for-stm32.11.3.rel1.win32_1.1.0.202305231506/tools/bin/../lib/gcc/arm-none-eabi/11.3.1/../../../../arm-none-eabi/lib/thumb/v7e-m+fp/hard\libc_nano.a(libc_a-sscanf.o) (_impure_ptr)
[...]
Memory Configuration

Name             Origin             Length             Attributes
CCMRAM           0x0000000010000000 0x0000000000010000 xrw
RAM              0x0000000020000000 0x0000000000020000 xrw
FLASH            0x0000000008000000 0x0000000000100000 xr
*default*        0x0000000000000000 0xffffffffffffffff

Linker script and memory map

LOAD C:/ST/STM32CubeIDE_1.11.2/STM32CubeIDE/plugins/com.st.stm32cube.ide.mcu.externaltools.gnu-tools-for-stm32.11.3.rel1.win32_1.1.0.202305231506/tools/bin/../lib/gcc/arm-none-eabi/11.3.1/thumb/v7e-m+fp/hard/crti.o
LOAD C:/ST/STM32CubeIDE_1.11.2/STM32CubeIDE/plugins/com.st.stm32cube.ide.mcu.externaltools.gnu-tools-for-stm32.11.3.rel1.win32_1.1.0.202305231506/tools/bin/../lib/gcc/arm-none-eabi/11.3.1/thumb/v7e-m+fp/hard/crtbegin.o
LOAD C:/ST/STM32CubeIDE_1.11.2/STM32CubeIDE/plugins/com.st.stm32cube.ide.mcu.externaltools.gnu-tools-for-stm32.11.3.rel1.win32_1.1.0.202305231506/tools/bin/../lib/gcc/arm-none-eabi/11.3.1/../../../../arm-none-eabi/lib/thumb/v7e-m+fp/hard/crt0.o
LOAD ./Core/Src/dac.o
LOAD ./Core/Src/gpio.o
LOAD ./Core/Src/main.o
LOAD ./Core/Src/spi.o
LOAD ./Core/Src/stm32f4xx_hal_msp.o
LOAD ./Core/Src/stm32f4xx_hal_timebase_tim.o
LOAD ./Core/Src/stm32f4xx_it.o
LOAD ./Core/Src/syscalls.o
LOAD ./Core/Src/sysmem.o
LOAD ./Core/Src/system_stm32f4xx.o
LOAD ./Core/Src/tim.o
LOAD ./Core/Src/mySrc/Callbacks.o
LOAD ./Core/Src/mySrc/Communication.o
LOAD ./Core/Src/mySrc/Feedback.o
LOAD ./Core/Src/mySrc/MotorWriters.o
LOAD ./Core/Src/mySrc/myMain.o
LOAD ./Core/Startup/startup_stm32f407vgtx.o
LOAD ./Drivers/STM32F4xx_HAL_Driver/Src/stm32f4xx_hal.o
LOAD ./Drivers/STM32F4xx_HAL_Driver/Src/stm32f4xx_hal_cortex.o
LOAD ./Drivers/STM32F4xx_HAL_Driver/Src/stm32f4xx_hal_dac.o
LOAD ./Drivers/STM32F4xx_HAL_Driver/Src/stm32f4xx_hal_dac_ex.o
LOAD ./Drivers/STM32F4xx_HAL_Driver/Src/stm32f4xx_hal_dma.o
LOAD ./Drivers/STM32F4xx_HAL_Driver/Src/stm32f4xx_hal_dma_ex.o
LOAD ./Drivers/STM32F4xx_HAL_Driver/Src/stm32f4xx_hal_exti.o
LOAD ./Drivers/STM32F4xx_HAL_Driver/Src/stm32f4xx_hal_flash.o
LOAD ./Drivers/STM32F4xx_HAL_Driver/Src/stm32f4xx_hal_flash_ex.o
LOAD ./Drivers/STM32F4xx_HAL_Driver/Src/stm32f4xx_hal_flash_ramfunc.o
LOAD ./Drivers/STM32F4xx_HAL_Driver/Src/stm32f4xx_hal_gpio.o
LOAD ./Drivers/STM32F4xx_HAL_Driver/Src/stm32f4xx_hal_pcd.o
LOAD ./Drivers/STM32F4xx_HAL_Driver/Src/stm32f4xx_hal_pcd_ex.o
LOAD ./Drivers/STM32F4xx_HAL_Driver/Src/stm32f4xx_hal_pwr.o
LOAD ./Drivers/STM32F4xx_HAL_Driver/Src/stm32f4xx_hal_pwr_ex.o
LOAD ./Drivers/STM32F4xx_HAL_Driver/Src/stm32f4xx_hal_rcc.o
LOAD ./Drivers/STM32F4xx_HAL_Driver/Src/stm32f4xx_hal_rcc_ex.o
LOAD ./Drivers/STM32F4xx_HAL_Driver/Src/stm32f4xx_hal_spi.o
LOAD ./Drivers/STM32F4xx_HAL_Driver/Src/stm32f4xx_hal_tim.o
LOAD ./Drivers/STM32F4xx_HAL_Driver/Src/stm32f4xx_hal_tim_ex.o
LOAD ./Drivers/STM32F4xx_HAL_Driver/Src/stm32f4xx_ll_usb.o
LOAD ./Middlewares/ST/STM32_USB_Device_Library/Class/CDC/Src/usbd_cdc.o
LOAD ./Middlewares/ST/STM32_USB_Device_Library/Core/Src/usbd_core.o
LOAD ./Middlewares/ST/STM32_USB_Device_Library/Core/Src/usbd_ctlreq.o
LOAD ./Middlewares/ST/STM32_USB_Device_Library/Core/Src/usbd_ioreq.o
LOAD ./USB_DEVICE/App/usb_device.o
LOAD ./USB_DEVICE/App/usbd_cdc_if.o
LOAD ./USB_DEVICE/App/usbd_desc.o
LOAD ./USB_DEVICE/Target/usbd_conf.o
START GROUP
LOAD C:/ST/STM32CubeIDE_1.11.2/STM32CubeIDE/plugins/com.st.stm32cube.ide.mcu.externaltools.gnu-tools-for-stm32.11.3.rel1.win32_1.1.0.202305231506/tools/bin/../lib/gcc/arm-none-eabi/11.3.1/../../../../arm-none-eabi/lib/thumb/v7e-m+fp/hard\libc_nano.a
LOAD C:/ST/STM32CubeIDE_1.11.2/STM32CubeIDE/plugins/com.st.stm32cube.ide.mcu.externaltools.gnu-tools-for-stm32.11.3.rel1.win32_1.1.0.202305231506/tools/bin/../lib/gcc/arm-none-eabi/11.3.1/../../../../arm-none-eabi/lib/thumb/v7e-m+fp/hard\libm.a
END GROUP
START GROUP
LOAD C:/ST/STM32CubeIDE_1.11.2/STM32CubeIDE/plugins/com.st.stm32cube.ide.mcu.externaltools.gnu-tools-for-stm32.11.3.rel1.win32_1.1.0.202305231506/tools/bin/../lib/gcc/arm-none-eabi/11.3.1/thumb/v7e-m+fp/hard\libgcc.a
LOAD C:/ST/STM32CubeIDE_1.11.2/STM32CubeIDE/plugins/com.st.stm32cube.ide.mcu.externaltools.gnu-tools-for-stm32.11.3.rel1.win32_1.1.0.202305231506/tools/bin/../lib/gcc/arm-none-eabi/11.3.1/../../../../arm-none-eabi/lib/thumb/v7e-m+fp/hard\libc_nano.a
END GROUP
START GROUP
LOAD C:/ST/STM32CubeIDE_1.11.2/STM32CubeIDE/plugins/com.st.stm32cube.ide.mcu.externaltools.gnu-tools-for-stm32.11.3.rel1.win32_1.1.0.202305231506/tools/bin/../lib/gcc/arm-none-eabi/11.3.1/thumb/v7e-m+fp/hard\libgcc.a
LOAD C:/ST/STM32CubeIDE_1.11.2/STM32CubeIDE/plugins/com.st.stm32cube.ide.mcu.externaltools.gnu-tools-for-stm32.11.3.rel1.win32_1.1.0.202305231506/tools/bin/../lib/gcc/arm-none-eabi/11.3.1/../../../../arm-none-eabi/lib/thumb/v7e-m+fp/hard\libc_nano.a
LOAD C:/ST/STM32CubeIDE_1.11.2/STM32CubeIDE/plugins/com.st.stm32cube.ide.mcu.externaltools.gnu-tools-for-stm32.11.3.rel1.win32_1.1.0.202305231506/tools/bin/../lib/gcc/arm-none-eabi/11.3.1/../../../../arm-none-eabi/lib/thumb/v7e-m+fp/hard\libnosys.a
END GROUP
START GROUP
LOAD C:/ST/STM32CubeIDE_1.11.2/STM32CubeIDE/plugins/com.st.stm32cube.ide.mcu.externaltools.gnu-tools-for-stm32.11.3.rel1.win32_1.1.0.202305231506/tools/bin/../lib/gcc/arm-none-eabi/11.3.1/thumb/v7e-m+fp/hard\libgcc.a
LOAD C:/ST/STM32CubeIDE_1.11.2/STM32CubeIDE/plugins/com.st.stm32cube.ide.mcu.externaltools.gnu-tools-for-stm32.11.3.rel1.win32_1.1.0.202305231506/tools/bin/../lib/gcc/arm-none-eabi/11.3.1/../../../../arm-none-eabi/lib/thumb/v7e-m+fp/hard\libc_nano.a
LOAD C:/ST/STM32CubeIDE_1.11.2/STM32CubeIDE/plugins/com.st.stm32cube.ide.mcu.externaltools.gnu-tools-for-stm32.11.3.rel1.win32_1.1.0.202305231506/tools/bin/../lib/gcc/arm-none-eabi/11.3.1/../../../../arm-none-eabi/lib/thumb/v7e-m+fp/hard\libnosys.a
END GROUP
LOAD C:/ST/STM32CubeIDE_1.11.2/STM32CubeIDE/plugins/com.st.stm32cube.ide.mcu.externaltools.gnu-tools-for-stm32.11.3.rel1.win32_1.1.0.202305231506/tools/bin/../lib/gcc/arm-none-eabi/11.3.1/thumb/v7e-m+fp/hard/crtend.o
LOAD C:/ST/STM32CubeIDE_1.11.2/STM32CubeIDE/plugins/com.st.stm32cube.ide.mcu.externaltools.gnu-tools-for-stm32.11.3.rel1.win32_1.1.0.202305231506/tools/bin/../lib/gcc/arm-none-eabi/11.3.1/thumb/v7e-m+fp/hard/crtn.o
                0x0000000020020000                _estack = (ORIGIN (RAM) + LENGTH (RAM))
                0x0000000000000600                _Min_Heap_Size = 0x600
                0x0000000000000400                _Min_Stack_Size = 0x400

.isr_vector     0x0000000008000000      0x188
                0x0000000008000000                . = ALIGN (0x4)
 *(.isr_vector)
 .isr_vector    0x0000000008000000      0x188 ./Core/Startup/startup_stm32f407vgtx.o
                0x0000000008000000                g_pfnVectors
                0x0000000008000188                . = ALIGN (0x4)

.text           0x0000000008000190     0xaa10
                0x0000000008000190                . = ALIGN (0x4)
 *(.text)
 .text          0x0000000008000190       0x40 C:/ST/STM32CubeIDE_1.11.2/STM32CubeIDE/plugins/com.st.stm32cube.ide.mcu.externaltools.gnu-tools-for-stm32.11.3.rel1.win32_1.1.0.202305231506/tools/bin/../lib/gcc/arm-none-eabi/11.3.1/thumb/v7e-m+fp/hard/crtbegin.o
 .text          0x00000000080001d0       0x14 C:/ST/STM32CubeIDE_1.11.2/STM32CubeIDE/plugins/com.st.stm32cube.ide.mcu.externaltools.gnu-tools-for-stm32.11.3.rel1.win32_1.1.0.202305231506/tools/bin/../lib/gcc/arm-none-eabi/11.3.1/../../../../arm-none-eabi/lib/thumb/v7e-m+fp/hard\libc_nano.a(libc_a-strcmp.o)
                0x00000000080001d0                strcmp
 .text          0x00000000080001e4       0x10 C:/ST/STM32CubeIDE_1.11.2/STM32CubeIDE/plugins/com.st.stm32cube.ide.mcu.externaltools.gnu-tools-for-stm32.11.3.rel1.win32_1.1.0.202305231506/tools/bin/../lib/gcc/arm-none-eabi/11.3.1/../../../../arm-none-eabi/lib/thumb/v7e-m+fp/hard\libc_nano.a(libc_a-strlen.o)
                0x00000000080001e4                strlen
 *fill*         0x00000000080001f4        0xc 
 .text          0x0000000008000200       0xa0 C:/ST/STM32CubeIDE_1.11.2/STM32CubeIDE/plugins/com.st.stm32cube.ide.mcu.externaltools.gnu-tools-for-stm32.11.3.rel1.win32_1.1.0.202305231506/tools/bin/../lib/gcc/arm-none-eabi/11.3.1/../../../../arm-none-eabi/lib/thumb/v7e-m+fp/hard\libc_nano.a(libc_a-memchr.o)
                0x0000000008000200                memchr
 .text          0x00000000080002a0      0x378 C:/ST/STM32CubeIDE_1.11.2/STM32CubeIDE/plugins/com.st.stm32cube.ide.mcu.externaltools.gnu-tools-for-stm32.11.3.rel1.win32_1.1.0.202305231506/tools/bin/../lib/gcc/arm-none-eabi/11.3.1/thumb/v7e-m+fp/hard\libgcc.a(_arm_addsubdf3.o)
                0x00000000080002a0                __aeabi_drsub
                0x00000000080002a8                __aeabi_dsub
                0x00000000080002a8                __subdf3
                0x00000000080002ac                __aeabi_dadd
                0x00000000080002ac                __adddf3
                0x0000000008000524                __floatunsidf
                0x0000000008000524                __aeabi_ui2d
                0x0000000008000544                __floatsidf
                0x0000000008000544                __aeabi_i2d
                0x0000000008000568                __aeabi_f2d
                0x0000000008000568                __extendsfdf2
                0x00000000080005ac                __floatundidf
                0x00000000080005ac                __aeabi_ul2d
                0x00000000080005bc                __floatdidf
                0x00000000080005bc                __aeabi_l2d
 .text          0x0000000008000618      0x424 C:/ST/STM32CubeIDE_1.11.2/STM32CubeIDE/plugins/com.st.stm32cube.ide.mcu.externaltools.gnu-tools-for-stm32.11.3.rel1.win32_1.1.0.202305231506/tools/bin/../lib/gcc/arm-none-eabi/11.3.1/thumb/v7e-m+fp/hard\libgcc.a(_arm_muldivdf3.o)
                0x0000000008000618                __aeabi_dmul
                0x0000000008000618                __muldf3
                0x000000000800086c                __divdf3
                0x000000000800086c                __aeabi_ddiv
 .text          0x0000000008000a3c       0x50 C:/ST/STM32CubeIDE_1.11.2/STM32CubeIDE/plugins/com.st.stm32cube.ide.mcu.externaltools.gnu-tools-for-stm32.11.3.rel1.win32_1.1.0.202305231506/tools/bin/../lib/gcc/arm-none-eabi/11.3.1/thumb/v7e-m+fp/hard\libgcc.a(_arm_fixdfsi.o)
                0x0000000008000a3c                __aeabi_d2iz
                0x0000000008000a3c                __fixdfsi
 .text          0x0000000008000a8c       0xa0 C:/ST/STM32CubeIDE_1.11.2/STM32CubeIDE/plugins/com.st.stm32cube.ide.mcu.externaltools.gnu-tools-for-stm32.11.3.rel1.win32_1.1.0.202305231506/tools/bin/../lib/gcc/arm-none-eabi/11.3.1/thumb/v7e-m+fp/hard\libgcc.a(_arm_truncdfsf2.o)
                0x0000000008000a8c                __truncdfsf2
                0x0000000008000a8c                __aeabi_d2f
 .text          0x0000000008000b2c       0x30 C:/ST/STM32CubeIDE_1.11.2/STM32CubeIDE/plugins/com.st.stm32cube.ide.mcu.externaltools.gnu-tools-for-stm32.11.3.rel1.win32_1.1.0.202305231506/tools/bin/../lib/gcc/arm-none-eabi/11.3.1/thumb/v7e-m+fp/hard\libgcc.a(_aeabi_uldivmod.o)
                0x0000000008000b2c                __aeabi_uldivmod
 .text          0x0000000008000b5c      0x2c8 C:/ST/STM32CubeIDE_1.11.2/STM32CubeIDE/plugins/com.st.stm32cube.ide.mcu.externaltools.gnu-tools-for-stm32.11.3.rel1.win32_1.1.0.202305231506/tools/bin/../lib/gcc/arm-none-eabi/11.3.1/thumb/v7e-m+fp/hard\libgcc.a(_udivmoddi4.o)
                0x0000000008000b5c                __udivmoddi4
 .text          0x0000000008000e24        0x4 C:/ST/STM32CubeIDE_1.11.2/STM32CubeIDE/plugins/com.st.stm32cube.ide.mcu.externaltools.gnu-tools-for-stm32.11.3.rel1.win32_1.1.0.202305231506/tools/bin/../lib/gcc/arm-none-eabi/11.3.1/thumb/v7e-m+fp/hard\libgcc.a(_dvmd_tls.o)
                0x0000000008000e24                __aeabi_idiv0
                0x0000000008000e24                __aeabi_ldiv0
 *(.text*)
 .text.MX_DAC_Init
                0x0000000008000e28       0x68 ./Core/Src/dac.o
                0x0000000008000e28                MX_DAC_Init
 .text.HAL_DAC_MspInit
                0x0000000008000e90       0x98 ./Core/Src/dac.o
                0x0000000008000e90                HAL_DAC_MspInit
 .text.MX_GPIO_Init
                0x0000000008000f28      0x260 ./Core/Src/gpio.o
                0x0000000008000f28                MX_GPIO_Init
 .text.main     0x0000000008001188       0x54 ./Core/Src/main.o
                0x0000000008001188                main
 .text.SystemClock_Config
                0x00000000080011dc       0xd4 ./Core/Src/main.o
                0x00000000080011dc                SystemClock_Config
 .text.HAL_TIM_PeriodElapsedCallback
                0x00000000080012b0       0x24 ./Core/Src/main.o
                0x00000000080012b0                HAL_TIM_PeriodElapsedCallback
 .text.Error_Handler
                0x00000000080012d4        0xa ./Core/Src/main.o
                0x00000000080012d4                Error_Handler
 *fill*         0x00000000080012de        0x2 
 .text.MX_SPI2_Init
                0x00000000080012e0       0x64 ./Core/Src/spi.o
                0x00000000080012e0                MX_SPI2_Init
 .text.HAL_SPI_MspInit
                0x0000000008001344       0xe0 ./Core/Src/spi.o
                0x0000000008001344                HAL_SPI_MspInit
 .text.HAL_MspInit
                0x0000000008001424       0x50 ./Core/Src/stm32f4xx_hal_msp.o
                0x0000000008001424                HAL_MspInit
 .text.HAL_InitTick
                0x0000000008001474       0xf8 ./Core/Src/stm32f4xx_hal_timebase_tim.o
                0x0000000008001474                HAL_InitTick
 .text.NMI_Handler
                0x000000000800156c        0x6 ./Core/Src/stm32f4xx_it.o
                0x000000000800156c                NMI_Handler
 .text.HardFault_Handler
                0x0000000008001572        0x6 ./Core/Src/stm32f4xx_it.o
                0x0000000008001572                HardFault_Handler
 .text.MemManage_Handler
                0x0000000008001578        0x6 ./Core/Src/stm32f4xx_it.o
                0x0000000008001578                MemManage_Handler
 .text.BusFault_Handler
                0x000000000800157e        0x6 ./Core/Src/stm32f4xx_it.o
                0x000000000800157e                BusFault_Handler
 .text.UsageFault_Handler
                0x0000000008001584        0x6 ./Core/Src/stm32f4xx_it.o
                0x0000000008001584                UsageFault_Handler
 .text.SVC_Handler
                0x000000000800158a        0xe ./Core/Src/stm32f4xx_it.o
                0x000000000800158a                SVC_Handler
 .text.DebugMon_Handler
                0x0000000008001598        0xe ./Core/Src/stm32f4xx_it.o
                0x0000000008001598                DebugMon_Handler
 .text.PendSV_Handler
                0x00000000080015a6        0xe ./Core/Src/stm32f4xx_it.o
                0x00000000080015a6                PendSV_Handler
 .text.SysTick_Handler
                0x00000000080015b4        0xe ./Core/Src/stm32f4xx_it.o
                0x00000000080015b4                SysTick_Handler
 .text.EXTI9_5_IRQHandler
                0x00000000080015c2       0x10 ./Core/Src/stm32f4xx_it.o
                0x00000000080015c2                EXTI9_5_IRQHandler
 *fill*         0x00000000080015d2        0x2 
 .text.TIM1_BRK_TIM9_IRQHandler
                0x00000000080015d4       0x14 ./Core/Src/stm32f4xx_it.o
                0x00000000080015d4                TIM1_BRK_TIM9_IRQHandler
 .text.TIM3_IRQHandler
                0x00000000080015e8       0x14 ./Core/Src/stm32f4xx_it.o
                0x00000000080015e8                TIM3_IRQHandler
 .text.TIM4_IRQHandler
                0x00000000080015fc       0x14 ./Core/Src/stm32f4xx_it.o
                0x00000000080015fc                TIM4_IRQHandler
 .text.SPI2_IRQHandler
                0x0000000008001610       0x14 ./Core/Src/stm32f4xx_it.o
                0x0000000008001610                SPI2_IRQHandler
 .text.EXTI15_10_IRQHandler
                0x0000000008001624       0x10 ./Core/Src/stm32f4xx_it.o
                0x0000000008001624                EXTI15_10_IRQHandler
 .text.TIM6_DAC_IRQHandler
                0x0000000008001634       0x28 ./Core/Src/stm32f4xx_it.o
                0x0000000008001634                TIM6_DAC_IRQHandler
 .text.OTG_FS_IRQHandler
                0x000000000800165c       0x14 ./Core/Src/stm32f4xx_it.o
                0x000000000800165c                OTG_FS_IRQHandler
 .text._sbrk    0x0000000008001670       0x6c ./Core/Src/sysmem.o
                0x0000000008001670                _sbrk
 .text.SystemInit
                0x00000000080016dc       0x24 ./Core/Src/system_stm32f4xx.o
                0x00000000080016dc                SystemInit
 .text.MX_TIM3_Init
                0x0000000008001700       0xa8 ./Core/Src/tim.o
                0x0000000008001700                MX_TIM3_Init
 .text.MX_TIM4_Init
                0x00000000080017a8       0xa8 ./Core/Src/tim.o
                0x00000000080017a8                MX_TIM4_Init
 .text.MX_TIM9_Init
                0x0000000008001850       0x74 ./Core/Src/tim.o
                0x0000000008001850                MX_TIM9_Init
 .text.HAL_TIM_Encoder_MspInit
                0x00000000080018c4      0x11c ./Core/Src/tim.o
                0x00000000080018c4                HAL_TIM_Encoder_MspInit
 .text.HAL_TIM_Base_MspInit
                0x00000000080019e0       0x50 ./Core/Src/tim.o
                0x00000000080019e0                HAL_TIM_Base_MspInit
 .text.HAL_GPIO_EXTI_Callback
                0x0000000008001a30       0x44 ./Core/Src/mySrc/Callbacks.o
                0x0000000008001a30                HAL_GPIO_EXTI_Callback
 .text.receiveTargetCoordinate
                0x0000000008001a74      0x120 ./Core/Src/mySrc/Communication.o
                0x0000000008001a74                receiveTargetCoordinate
 .text.commandReceived
                0x0000000008001b94       0xe8 ./Core/Src/mySrc/Communication.o
                0x0000000008001b94                commandReceived
 .text.sign     0x0000000008001c7c       0x2a ./Core/Src/mySrc/Feedback.o
                0x0000000008001c7c                sign
 *fill*         0x0000000008001ca6        0x2 
 .text.integrationStep_X
                0x0000000008001ca8      0x104 ./Core/Src/mySrc/Feedback.o
                0x0000000008001ca8                integrationStep_X
 .text.integrationStep_Y
                0x0000000008001dac       0xb8 ./Core/Src/mySrc/Feedback.o
                0x0000000008001dac                integrationStep_Y
 .text.PIDControlStep
                0x0000000008001e64      0x2b4 ./Core/Src/mySrc/Feedback.o
                0x0000000008001e64                PIDControlStep
 .text.applySoftwareLock
                0x0000000008002118       0x1c ./Core/Src/mySrc/MotorWriters.o
                0x0000000008002118                applySoftwareLock
 .text.disableSoftwareLock
                0x0000000008002134       0x18 ./Core/Src/mySrc/MotorWriters.o
                0x0000000008002134                disableSoftwareLock
 .text.enableXMotor
                0x000000000800214c       0x24 ./Core/Src/mySrc/MotorWriters.o
                0x000000000800214c                enableXMotor
 .text.disableXMotor
                0x0000000008002170       0x18 ./Core/Src/mySrc/MotorWriters.o
                0x0000000008002170                disableXMotor
 .text.enableYMotor
                0x0000000008002188       0x24 ./Core/Src/mySrc/MotorWriters.o
                0x0000000008002188                enableYMotor
 .text.disableYMotor
                0x00000000080021ac       0x18 ./Core/Src/mySrc/MotorWriters.o
                0x00000000080021ac                disableYMotor
 .text.setXSpeed
                0x00000000080021c4       0xc4 ./Core/Src/mySrc/MotorWriters.o
                0x00000000080021c4                setXSpeed
 .text.setYSpeed
                0x0000000008002288       0xb0 ./Core/Src/mySrc/MotorWriters.o
                0x0000000008002288                setYSpeed
 .text.updateRobotPosition
                0x0000000008002338       0x38 ./Core/Src/mySrc/myMain.o
                0x0000000008002338                updateRobotPosition
 .text.myInit   0x0000000008002370      0x110 ./Core/Src/mySrc/myMain.o
                0x0000000008002370                myInit
 .text.myLoopInternals
                0x0000000008002480      0x154 ./Core/Src/mySrc/myMain.o
                0x0000000008002480                myLoopInternals
 .text.Reset_Handler
                0x00000000080025d4       0x50 ./Core/Startup/startup_stm32f407vgtx.o
                0x00000000080025d4                Reset_Handler
 .text.Default_Handler
                0x0000000008002624        0x2 ./Core/Startup/startup_stm32f407vgtx.o
                0x0000000008002624                RTC_Alarm_IRQHandler
                0x0000000008002624                HASH_RNG_IRQHandler
                0x0000000008002624                EXTI2_IRQHandler
                0x0000000008002624                TIM8_CC_IRQHandler
                0x0000000008002624                TIM1_CC_IRQHandler
                0x0000000008002624                DMA2_Stream5_IRQHandler
                0x0000000008002624                DMA1_Stream5_IRQHandler
                0x0000000008002624                PVD_IRQHandler
                0x0000000008002624                SDIO_IRQHandler
                0x0000000008002624                TAMP_STAMP_IRQHandler
                0x0000000008002624                CAN2_RX1_IRQHandler
                0x0000000008002624                EXTI3_IRQHandler
                0x0000000008002624                TIM8_TRG_COM_TIM14_IRQHandler
                0x0000000008002624                TIM1_UP_TIM10_IRQHandler
                0x0000000008002624                TIM8_UP_TIM13_IRQHandler
                0x0000000008002624                I2C3_ER_IRQHandler
                0x0000000008002624                EXTI0_IRQHandler
                0x0000000008002624                I2C2_EV_IRQHandler
                0x0000000008002624                DMA1_Stream2_IRQHandler
                0x0000000008002624                CAN1_RX0_IRQHandler
                0x0000000008002624                FPU_IRQHandler
                0x0000000008002624                OTG_HS_WKUP_IRQHandler
                0x0000000008002624                CAN2_SCE_IRQHandler
                0x0000000008002624                DMA2_Stream2_IRQHandler
                0x0000000008002624                SPI1_IRQHandler
                0x0000000008002624                DCMI_IRQHandler
                0x0000000008002624                CAN2_RX0_IRQHandler
                0x0000000008002624                DMA2_Stream3_IRQHandler
                0x0000000008002624                USART6_IRQHandler
                0x0000000008002624                USART3_IRQHandler
                0x0000000008002624                CAN1_RX1_IRQHandler
                0x0000000008002624                UART5_IRQHandler
                0x0000000008002624                DMA2_Stream0_IRQHandler
                0x0000000008002624                I2C1_EV_IRQHandler
                0x0000000008002624                DMA1_Stream6_IRQHandler
                0x0000000008002624                DMA1_Stream1_IRQHandler
                0x0000000008002624                UART4_IRQHandler
                0x0000000008002624                RCC_IRQHandler
                0x0000000008002624                TIM8_BRK_TIM12_IRQHandler
                0x0000000008002624                Default_Handler
                0x0000000008002624                ADC_IRQHandler
                0x0000000008002624                DMA1_Stream7_IRQHandler
                0x0000000008002624                TIM7_IRQHandler
                0x0000000008002624                CAN2_TX_IRQHandler
                0x0000000008002624                TIM5_IRQHandler
                0x0000000008002624                DMA2_Stream7_IRQHandler
                0x0000000008002624                I2C3_EV_IRQHandler
                0x0000000008002624                RTC_WKUP_IRQHandler
                0x0000000008002624                ETH_WKUP_IRQHandler
                0x0000000008002624                OTG_HS_EP1_IN_IRQHandler
                0x0000000008002624                DMA1_Stream0_IRQHandler
                0x0000000008002624                CAN1_TX_IRQHandler
                0x0000000008002624                EXTI4_IRQHandler
                0x0000000008002624                FSMC_IRQHandler
                0x0000000008002624                ETH_IRQHandler
                0x0000000008002624                OTG_HS_EP1_OUT_IRQHandler
                0x0000000008002624                WWDG_IRQHandler
                0x0000000008002624                TIM2_IRQHandler
                0x0000000008002624                OTG_FS_WKUP_IRQHandler
                0x0000000008002624                TIM1_TRG_COM_TIM11_IRQHandler
                0x0000000008002624                OTG_HS_IRQHandler
                0x0000000008002624                EXTI1_IRQHandler
                0x0000000008002624                USART2_IRQHandler
                0x0000000008002624                I2C2_ER_IRQHandler
                0x0000000008002624                DMA2_Stream1_IRQHandler
                0x0000000008002624                CAN1_SCE_IRQHandler
                0x0000000008002624                FLASH_IRQHandler
                0x0000000008002624                DMA2_Stream4_IRQHandler
                0x0000000008002624                USART1_IRQHandler
                0x0000000008002624                SPI3_IRQHandler
                0x0000000008002624                DMA1_Stream4_IRQHandler
                0x0000000008002624                I2C1_ER_IRQHandler
                0x0000000008002624                DMA2_Stream6_IRQHandler
                0x0000000008002624                DMA1_Stream3_IRQHandler
 *fill*         0x0000000008002626        0x2 
 .text.HAL_Init
                0x0000000008002628       0x44 ./Drivers/STM32F4xx_HAL_Driver/Src/stm32f4xx_hal.o
                0x0000000008002628                HAL_Init
 .text.HAL_IncTick
                0x000000000800266c       0x28 ./Drivers/STM32F4xx_HAL_Driver/Src/stm32f4xx_hal.o
                0x000000000800266c                HAL_IncTick
 .text.HAL_GetTick
                0x0000000008002694       0x18 ./Drivers/STM32F4xx_HAL_Driver/Src/stm32f4xx_hal.o
                0x0000000008002694                HAL_GetTick
 .text.HAL_Delay
                0x00000000080026ac       0x48 ./Drivers/STM32F4xx_HAL_Driver/Src/stm32f4xx_hal.o
                0x00000000080026ac                HAL_Delay
 .text.__NVIC_SetPriorityGrouping
                0x00000000080026f4       0x48 ./Drivers/STM32F4xx_HAL_Driver/Src/stm32f4xx_hal_cortex.o
 .text.__NVIC_GetPriorityGrouping
                0x000000000800273c       0x1c ./Drivers/STM32F4xx_HAL_Driver/Src/stm32f4xx_hal_cortex.o
 .text.__NVIC_EnableIRQ
                0x0000000008002758       0x3c ./Drivers/STM32F4xx_HAL_Driver/Src/stm32f4xx_hal_cortex.o
 .text.__NVIC_SetPriority
                0x0000000008002794       0x54 ./Drivers/STM32F4xx_HAL_Driver/Src/stm32f4xx_hal_cortex.o
 .text.NVIC_EncodePriority
                0x00000000080027e8       0x66 ./Drivers/STM32F4xx_HAL_Driver/Src/stm32f4xx_hal_cortex.o
 *fill*         0x000000000800284e        0x2 
 .text.__NVIC_SystemReset
                0x0000000008002850       0x2c ./Drivers/STM32F4xx_HAL_Driver/Src/stm32f4xx_hal_cortex.o
 .text.HAL_NVIC_SetPriorityGrouping
                0x000000000800287c       0x16 ./Drivers/STM32F4xx_HAL_Driver/Src/stm32f4xx_hal_cortex.o
                0x000000000800287c                HAL_NVIC_SetPriorityGrouping
 .text.HAL_NVIC_SetPriority
                0x0000000008002892       0x38 ./Drivers/STM32F4xx_HAL_Driver/Src/stm32f4xx_hal_cortex.o
                0x0000000008002892                HAL_NVIC_SetPriority
 .text.HAL_NVIC_EnableIRQ
                0x00000000080028ca       0x1c ./Drivers/STM32F4xx_HAL_Driver/Src/stm32f4xx_hal_cortex.o
                0x00000000080028ca                HAL_NVIC_EnableIRQ
 .text.HAL_NVIC_SystemReset
                0x00000000080028e6        0x8 ./Drivers/STM32F4xx_HAL_Driver/Src/stm32f4xx_hal_cortex.o
                0x00000000080028e6                HAL_NVIC_SystemReset
 .text.HAL_DAC_Init
                0x00000000080028ee       0x44 ./Drivers/STM32F4xx_HAL_Driver/Src/stm32f4xx_hal_dac.o
                0x00000000080028ee                HAL_DAC_Init
 .text.HAL_DAC_Start
                0x0000000008002932       0xa4 ./Drivers/STM32F4xx_HAL_Driver/Src/stm32f4xx_hal_dac.o
                0x0000000008002932                HAL_DAC_Start
 .text.HAL_DAC_IRQHandler
                0x00000000080029d6       0xb4 ./Drivers/STM32F4xx_HAL_Driver/Src/stm32f4xx_hal_dac.o
                0x00000000080029d6                HAL_DAC_IRQHandler
 .text.HAL_DAC_SetValue
                0x0000000008002a8a       0x4a ./Drivers/STM32F4xx_HAL_Driver/Src/stm32f4xx_hal_dac.o
                0x0000000008002a8a                HAL_DAC_SetValue
 .text.HAL_DAC_DMAUnderrunCallbackCh1
                0x0000000008002ad4       0x14 ./Drivers/STM32F4xx_HAL_Driver/Src/stm32f4xx_hal_dac.o
                0x0000000008002ad4                HAL_DAC_DMAUnderrunCallbackCh1
 .text.HAL_DAC_ConfigChannel
                0x0000000008002ae8       0x9e ./Drivers/STM32F4xx_HAL_Driver/Src/stm32f4xx_hal_dac.o
                0x0000000008002ae8                HAL_DAC_ConfigChannel
 .text.HAL_DACEx_DMAUnderrunCallbackCh2
                0x0000000008002b86       0x14 ./Drivers/STM32F4xx_HAL_Driver/Src/stm32f4xx_hal_dac_ex.o
                0x0000000008002b86                HAL_DACEx_DMAUnderrunCallbackCh2
 .text.HAL_DMA_Abort_IT
                0x0000000008002b9a       0x44 ./Drivers/STM32F4xx_HAL_Driver/Src/stm32f4xx_hal_dma.o
                0x0000000008002b9a                HAL_DMA_Abort_IT
 *fill*         0x0000000008002bde        0x2 
 .text.HAL_GPIO_Init
                0x0000000008002be0      0x338 ./Drivers/STM32F4xx_HAL_Driver/Src/stm32f4xx_hal_gpio.o
                0x0000000008002be0                HAL_GPIO_Init
 .text.HAL_GPIO_ReadPin
                0x0000000008002f18       0x30 ./Drivers/STM32F4xx_HAL_Driver/Src/stm32f4xx_hal_gpio.o
                0x0000000008002f18                HAL_GPIO_ReadPin
 .text.HAL_GPIO_WritePin
                0x0000000008002f48       0x32 ./Drivers/STM32F4xx_HAL_Driver/Src/stm32f4xx_hal_gpio.o
                0x0000000008002f48                HAL_GPIO_WritePin
 *fill*         0x0000000008002f7a        0x2 
 .text.HAL_GPIO_EXTI_IRQHandler
                0x0000000008002f7c       0x30 ./Drivers/STM32F4xx_HAL_Driver/Src/stm32f4xx_hal_gpio.o
                0x0000000008002f7c                HAL_GPIO_EXTI_IRQHandler
 .text.HAL_PCD_Init
                0x0000000008002fac      0x23a ./Drivers/STM32F4xx_HAL_Driver/Src/stm32f4xx_hal_pcd.o
                0x0000000008002fac                HAL_PCD_Init
 .text.HAL_PCD_Start
                0x00000000080031e6       0x66 ./Drivers/STM32F4xx_HAL_Driver/Src/stm32f4xx_hal_pcd.o
                0x00000000080031e6                HAL_PCD_Start
 .text.HAL_PCD_IRQHandler
                0x000000000800324c      0x93e ./Drivers/STM32F4xx_HAL_Driver/Src/stm32f4xx_hal_pcd.o
                0x000000000800324c                HAL_PCD_IRQHandler
 .text.HAL_PCD_SetAddress
                0x0000000008003b8a       0x4a ./Drivers/STM32F4xx_HAL_Driver/Src/stm32f4xx_hal_pcd.o
                0x0000000008003b8a                HAL_PCD_SetAddress
 .text.HAL_PCD_EP_Open
                0x0000000008003bd4       0xd0 ./Drivers/STM32F4xx_HAL_Driver/Src/stm32f4xx_hal_pcd.o
                0x0000000008003bd4                HAL_PCD_EP_Open
 .text.HAL_PCD_EP_Close
                0x0000000008003ca4       0x94 ./Drivers/STM32F4xx_HAL_Driver/Src/stm32f4xx_hal_pcd.o
                0x0000000008003ca4                HAL_PCD_EP_Close
 .text.HAL_PCD_EP_Receive
                0x0000000008003d38       0x96 ./Drivers/STM32F4xx_HAL_Driver/Src/stm32f4xx_hal_pcd.o
                0x0000000008003d38                HAL_PCD_EP_Receive
 .text.HAL_PCD_EP_GetRxCount
                0x0000000008003dce       0x30 ./Drivers/STM32F4xx_HAL_Driver/Src/stm32f4xx_hal_pcd.o
                0x0000000008003dce                HAL_PCD_EP_GetRxCount
 .text.HAL_PCD_EP_Transmit
                0x0000000008003dfe       0x94 ./Drivers/STM32F4xx_HAL_Driver/Src/stm32f4xx_hal_pcd.o
                0x0000000008003dfe                HAL_PCD_EP_Transmit
 .text.HAL_PCD_EP_SetStall
                0x0000000008003e92       0xc8 ./Drivers/STM32F4xx_HAL_Driver/Src/stm32f4xx_hal_pcd.o
                0x0000000008003e92                HAL_PCD_EP_SetStall
 .text.HAL_PCD_EP_ClrStall
                0x0000000008003f5a       0xac ./Drivers/STM32F4xx_HAL_Driver/Src/stm32f4xx_hal_pcd.o
                0x0000000008003f5a                HAL_PCD_EP_ClrStall
 .text.HAL_PCD_EP_Abort
                0x0000000008004006       0x62 ./Drivers/STM32F4xx_HAL_Driver/Src/stm32f4xx_hal_pcd.o
                0x0000000008004006                HAL_PCD_EP_Abort
 .text.PCD_WriteEmptyTxFifo
                0x0000000008004068      0x11a ./Drivers/STM32F4xx_HAL_Driver/Src/stm32f4xx_hal_pcd.o
 *fill*         0x0000000008004182        0x2 
 .text.PCD_EP_OutXfrComplete_int
                0x0000000008004184      0x1d0 ./Drivers/STM32F4xx_HAL_Driver/Src/stm32f4xx_hal_pcd.o
 .text.PCD_EP_OutSetupPacket_int
                0x0000000008004354       0x8c ./Drivers/STM32F4xx_HAL_Driver/Src/stm32f4xx_hal_pcd.o
 .text.HAL_PCDEx_SetTxFiFo
                0x00000000080043e0       0x8e ./Drivers/STM32F4xx_HAL_Driver/Src/stm32f4xx_hal_pcd_ex.o
                0x00000000080043e0                HAL_PCDEx_SetTxFiFo
 .text.HAL_PCDEx_SetRxFiFo
                0x000000000800446e       0x22 ./Drivers/STM32F4xx_HAL_Driver/Src/stm32f4xx_hal_pcd_ex.o
                0x000000000800446e                HAL_PCDEx_SetRxFiFo
 .text.HAL_PCDEx_LPM_Callback
                0x0000000008004490       0x18 ./Drivers/STM32F4xx_HAL_Driver/Src/stm32f4xx_hal_pcd_ex.o
                0x0000000008004490                HAL_PCDEx_LPM_Callback
 .text.HAL_RCC_OscConfig
                0x00000000080044a8      0x4f0 ./Drivers/STM32F4xx_HAL_Driver/Src/stm32f4xx_hal_rcc.o
                0x00000000080044a8                HAL_RCC_OscConfig
 .text.HAL_RCC_ClockConfig
                0x0000000008004998      0x1cc ./Drivers/STM32F4xx_HAL_Driver/Src/stm32f4xx_hal_rcc.o
                0x0000000008004998                HAL_RCC_ClockConfig
 .text.HAL_RCC_GetSysClockFreq
                0x0000000008004b64      0x20c ./Drivers/STM32F4xx_HAL_Driver/Src/stm32f4xx_hal_rcc.o
                0x0000000008004b64                HAL_RCC_GetSysClockFreq
 .text.HAL_RCC_GetHCLKFreq
                0x0000000008004d70       0x18 ./Drivers/STM32F4xx_HAL_Driver/Src/stm32f4xx_hal_rcc.o
                0x0000000008004d70                HAL_RCC_GetHCLKFreq
 .text.HAL_RCC_GetPCLK1Freq
                0x0000000008004d88       0x28 ./Drivers/STM32F4xx_HAL_Driver/Src/stm32f4xx_hal_rcc.o
                0x0000000008004d88                HAL_RCC_GetPCLK1Freq
 .text.HAL_RCC_GetClockConfig
                0x0000000008004db0       0x64 ./Drivers/STM32F4xx_HAL_Driver/Src/stm32f4xx_hal_rcc.o
                0x0000000008004db0                HAL_RCC_GetClockConfig
 .text.HAL_SPI_Init
                0x0000000008004e14      0x112 ./Drivers/STM32F4xx_HAL_Driver/Src/stm32f4xx_hal_spi.o
                0x0000000008004e14                HAL_SPI_Init
 *fill*         0x0000000008004f26        0x2 
 .text.HAL_SPI_IRQHandler
                0x0000000008004f28      0x1e8 ./Drivers/STM32F4xx_HAL_Driver/Src/stm32f4xx_hal_spi.o
                0x0000000008004f28                HAL_SPI_IRQHandler
 .text.HAL_SPI_ErrorCallback
                0x0000000008005110       0x14 ./Drivers/STM32F4xx_HAL_Driver/Src/stm32f4xx_hal_spi.o
                0x0000000008005110                HAL_SPI_ErrorCallback
 .text.SPI_DMAAbortOnError
                0x0000000008005124       0x28 ./Drivers/STM32F4xx_HAL_Driver/Src/stm32f4xx_hal_spi.o
 .text.HAL_TIM_Base_Init
                0x000000000800514c       0x9e ./Drivers/STM32F4xx_HAL_Driver/Src/stm32f4xx_hal_tim.o
                0x000000000800514c                HAL_TIM_Base_Init
 *fill*         0x00000000080051ea        0x2 
 .text.HAL_TIM_Base_Start_IT
                0x00000000080051ec       0xe0 ./Drivers/STM32F4xx_HAL_Driver/Src/stm32f4xx_hal_tim.o
                0x00000000080051ec                HAL_TIM_Base_Start_IT
 .text.HAL_TIM_Encoder_Init
                0x00000000080052cc      0x14c ./Drivers/STM32F4xx_HAL_Driver/Src/stm32f4xx_hal_tim.o
                0x00000000080052cc                HAL_TIM_Encoder_Init
 .text.HAL_TIM_Encoder_Start
                0x0000000008005418      0x11c ./Drivers/STM32F4xx_HAL_Driver/Src/stm32f4xx_hal_tim.o
                0x0000000008005418                HAL_TIM_Encoder_Start
 .text.HAL_TIM_IRQHandler
                0x0000000008005534      0x210 ./Drivers/STM32F4xx_HAL_Driver/Src/stm32f4xx_hal_tim.o
                0x0000000008005534                HAL_TIM_IRQHandler
 .text.HAL_TIM_ConfigClockSource
                0x0000000008005744      0x18e ./Drivers/STM32F4xx_HAL_Driver/Src/stm32f4xx_hal_tim.o
                0x0000000008005744                HAL_TIM_ConfigClockSource
 .text.HAL_TIM_OC_DelayElapsedCallback
                0x00000000080058d2       0x14 ./Drivers/STM32F4xx_HAL_Driver/Src/stm32f4xx_hal_tim.o
                0x00000000080058d2                HAL_TIM_OC_DelayElapsedCallback
 .text.HAL_TIM_IC_CaptureCallback
                0x00000000080058e6       0x14 ./Drivers/STM32F4xx_HAL_Driver/Src/stm32f4xx_hal_tim.o
                0x00000000080058e6                HAL_TIM_IC_CaptureCallback
 .text.HAL_TIM_PWM_PulseFinishedCallback
                0x00000000080058fa       0x14 ./Drivers/STM32F4xx_HAL_Driver/Src/stm32f4xx_hal_tim.o
                0x00000000080058fa                HAL_TIM_PWM_PulseFinishedCallback
 .text.HAL_TIM_TriggerCallback
                0x000000000800590e       0x14 ./Drivers/STM32F4xx_HAL_Driver/Src/stm32f4xx_hal_tim.o
                0x000000000800590e                HAL_TIM_TriggerCallback
 *fill*         0x0000000008005922        0x2 
 .text.TIM_Base_SetConfig
                0x0000000008005924      0x140 ./Drivers/STM32F4xx_HAL_Driver/Src/stm32f4xx_hal_tim.o
                0x0000000008005924                TIM_Base_SetConfig
 .text.TIM_TI1_ConfigInputStage
                0x0000000008005a64       0x5e ./Drivers/STM32F4xx_HAL_Driver/Src/stm32f4xx_hal_tim.o
 .text.TIM_TI2_ConfigInputStage
                0x0000000008005ac2       0x60 ./Drivers/STM32F4xx_HAL_Driver/Src/stm32f4xx_hal_tim.o
 .text.TIM_ITRx_SetConfig
                0x0000000008005b22       0x36 ./Drivers/STM32F4xx_HAL_Driver/Src/stm32f4xx_hal_tim.o
 .text.TIM_ETR_SetConfig
                0x0000000008005b58       0x40 ./Drivers/STM32F4xx_HAL_Driver/Src/stm32f4xx_hal_tim.o
                0x0000000008005b58                TIM_ETR_SetConfig
 .text.TIM_CCxChannelCmd
                0x0000000008005b98       0x4a ./Drivers/STM32F4xx_HAL_Driver/Src/stm32f4xx_hal_tim.o
                0x0000000008005b98                TIM_CCxChannelCmd
 *fill*         0x0000000008005be2        0x2 
 .text.HAL_TIMEx_MasterConfigSynchronization
                0x0000000008005be4       0xf8 ./Drivers/STM32F4xx_HAL_Driver/Src/stm32f4xx_hal_tim_ex.o
                0x0000000008005be4                HAL_TIMEx_MasterConfigSynchronization
 .text.HAL_TIMEx_CommutCallback
                0x0000000008005cdc       0x14 ./Drivers/STM32F4xx_HAL_Driver/Src/stm32f4xx_hal_tim_ex.o
                0x0000000008005cdc                HAL_TIMEx_CommutCallback
 .text.HAL_TIMEx_BreakCallback
                0x0000000008005cf0       0x14 ./Drivers/STM32F4xx_HAL_Driver/Src/stm32f4xx_hal_tim_ex.o
                0x0000000008005cf0                HAL_TIMEx_BreakCallback
 .text.USB_CoreInit
                0x0000000008005d04       0xc2 ./Drivers/STM32F4xx_HAL_Driver/Src/stm32f4xx_ll_usb.o
                0x0000000008005d04                USB_CoreInit
 *fill*         0x0000000008005dc6        0x2 
 .text.USB_SetTurnaroundTime
                0x0000000008005dc8      0x144 ./Drivers/STM32F4xx_HAL_Driver/Src/stm32f4xx_ll_usb.o
                0x0000000008005dc8                USB_SetTurnaroundTime
 .text.USB_EnableGlobalInt
                0x0000000008005f0c       0x22 ./Drivers/STM32F4xx_HAL_Driver/Src/stm32f4xx_ll_usb.o
                0x0000000008005f0c                USB_EnableGlobalInt
 .text.USB_DisableGlobalInt
                0x0000000008005f2e       0x22 ./Drivers/STM32F4xx_HAL_Driver/Src/stm32f4xx_ll_usb.o
                0x0000000008005f2e                USB_DisableGlobalInt
 .text.USB_SetCurrentMode
                0x0000000008005f50       0x98 ./Drivers/STM32F4xx_HAL_Driver/Src/stm32f4xx_ll_usb.o
                0x0000000008005f50                USB_SetCurrentMode
 .text.USB_DevInit
                0x0000000008005fe8      0x2c8 ./Drivers/STM32F4xx_HAL_Driver/Src/stm32f4xx_ll_usb.o
                0x0000000008005fe8                USB_DevInit
 .text.USB_FlushTxFifo
                0x00000000080062b0       0x68 ./Drivers/STM32F4xx_HAL_Driver/Src/stm32f4xx_ll_usb.o
                0x00000000080062b0                USB_FlushTxFifo
 .text.USB_FlushRxFifo
                0x0000000008006318       0x60 ./Drivers/STM32F4xx_HAL_Driver/Src/stm32f4xx_ll_usb.o
                0x0000000008006318                USB_FlushRxFifo
 .text.USB_SetDevSpeed
                0x0000000008006378       0x32 ./Drivers/STM32F4xx_HAL_Driver/Src/stm32f4xx_ll_usb.o
                0x0000000008006378                USB_SetDevSpeed
 .text.USB_GetDevSpeed
                0x00000000080063aa       0x4a ./Drivers/STM32F4xx_HAL_Driver/Src/stm32f4xx_ll_usb.o
                0x00000000080063aa                USB_GetDevSpeed
 .text.USB_ActivateEndpoint
                0x00000000080063f4      0x10e ./Drivers/STM32F4xx_HAL_Driver/Src/stm32f4xx_ll_usb.o
                0x00000000080063f4                USB_ActivateEndpoint
 *fill*         0x0000000008006502        0x2 
 .text.USB_DeactivateEndpoint
                0x0000000008006504      0x1b8 ./Drivers/STM32F4xx_HAL_Driver/Src/stm32f4xx_ll_usb.o
                0x0000000008006504                USB_DeactivateEndpoint
 .text.USB_EPStartXfer
                0x00000000080066bc      0x490 ./Drivers/STM32F4xx_HAL_Driver/Src/stm32f4xx_ll_usb.o
                0x00000000080066bc                USB_EPStartXfer
 .text.USB_EP0StartXfer
                0x0000000008006b4c      0x2b0 ./Drivers/STM32F4xx_HAL_Driver/Src/stm32f4xx_ll_usb.o
                0x0000000008006b4c                USB_EP0StartXfer
 .text.USB_EPStopXfer
                0x0000000008006dfc      0x154 ./Drivers/STM32F4xx_HAL_Driver/Src/stm32f4xx_ll_usb.o
                0x0000000008006dfc                USB_EPStopXfer
 .text.USB_WritePacket
                0x0000000008006f50       0x7c ./Drivers/STM32F4xx_HAL_Driver/Src/stm32f4xx_ll_usb.o
                0x0000000008006f50                USB_WritePacket
 .text.USB_ReadPacket
                0x0000000008006fcc       0xb0 ./Drivers/STM32F4xx_HAL_Driver/Src/stm32f4xx_ll_usb.o
                0x0000000008006fcc                USB_ReadPacket
 .text.USB_EPSetStall
                0x000000000800707c       0xdc ./Drivers/STM32F4xx_HAL_Driver/Src/stm32f4xx_ll_usb.o
                0x000000000800707c                USB_EPSetStall
 .text.USB_EPClearStall
                0x0000000008007158       0xcc ./Drivers/STM32F4xx_HAL_Driver/Src/stm32f4xx_ll_usb.o
                0x0000000008007158                USB_EPClearStall
 .text.USB_SetDevAddress
                0x0000000008007224       0x4c ./Drivers/STM32F4xx_HAL_Driver/Src/stm32f4xx_ll_usb.o
                0x0000000008007224                USB_SetDevAddress
 .text.USB_DevConnect
                0x0000000008007270       0x42 ./Drivers/STM32F4xx_HAL_Driver/Src/stm32f4xx_ll_usb.o
                0x0000000008007270                USB_DevConnect
 .text.USB_DevDisconnect
                0x00000000080072b2       0x42 ./Drivers/STM32F4xx_HAL_Driver/Src/stm32f4xx_ll_usb.o
                0x00000000080072b2                USB_DevDisconnect
 .text.USB_ReadInterrupts
                0x00000000080072f4       0x26 ./Drivers/STM32F4xx_HAL_Driver/Src/stm32f4xx_ll_usb.o
                0x00000000080072f4                USB_ReadInterrupts
 .text.USB_ReadDevAllOutEpInterrupt
                0x000000000800731a       0x34 ./Drivers/STM32F4xx_HAL_Driver/Src/stm32f4xx_ll_usb.o
                0x000000000800731a                USB_ReadDevAllOutEpInterrupt
 .text.USB_ReadDevAllInEpInterrupt
                0x000000000800734e       0x34 ./Drivers/STM32F4xx_HAL_Driver/Src/stm32f4xx_ll_usb.o
                0x000000000800734e                USB_ReadDevAllInEpInterrupt
 .text.USB_ReadDevOutEPInterrupt
                0x0000000008007382       0x3c ./Drivers/STM32F4xx_HAL_Driver/Src/stm32f4xx_ll_usb.o
                0x0000000008007382                USB_ReadDevOutEPInterrupt
 .text.USB_ReadDevInEPInterrupt
                0x00000000080073be       0x5c ./Drivers/STM32F4xx_HAL_Driver/Src/stm32f4xx_ll_usb.o
                0x00000000080073be                USB_ReadDevInEPInterrupt
 .text.USB_GetMode
                0x000000000800741a       0x1c ./Drivers/STM32F4xx_HAL_Driver/Src/stm32f4xx_ll_usb.o
                0x000000000800741a                USB_GetMode
 .text.USB_ActivateSetup
                0x0000000008007436       0x46 ./Drivers/STM32F4xx_HAL_Driver/Src/stm32f4xx_ll_usb.o
                0x0000000008007436                USB_ActivateSetup
 .text.USB_EP0_OutStart
                0x000000000800747c       0xbc ./Drivers/STM32F4xx_HAL_Driver/Src/stm32f4xx_ll_usb.o
                0x000000000800747c                USB_EP0_OutStart
 .text.USB_CoreReset
                0x0000000008007538       0x68 ./Drivers/STM32F4xx_HAL_Driver/Src/stm32f4xx_ll_usb.o
 .text.USBD_CDC_Init
                0x00000000080075a0      0x1f0 ./Middlewares/ST/STM32_USB_Device_Library/Class/CDC/Src/usbd_cdc.o
 .text.USBD_CDC_DeInit
                0x0000000008007790      0x104 ./Middlewares/ST/STM32_USB_Device_Library/Class/CDC/Src/usbd_cdc.o
 .text.USBD_CDC_Setup
                0x0000000008007894      0x1b8 ./Middlewares/ST/STM32_USB_Device_Library/Class/CDC/Src/usbd_cdc.o
 .text.USBD_CDC_DataIn
                0x0000000008007a4c       0xfe ./Middlewares/ST/STM32_USB_Device_Library/Class/CDC/Src/usbd_cdc.o
 .text.USBD_CDC_DataOut
                0x0000000008007b4a       0x70 ./Middlewares/ST/STM32_USB_Device_Library/Class/CDC/Src/usbd_cdc.o
 .text.USBD_CDC_EP0_RxReady
                0x0000000008007bba       0x76 ./Middlewares/ST/STM32_USB_Device_Library/Class/CDC/Src/usbd_cdc.o
 .text.USBD_CDC_GetFSCfgDesc
                0x0000000008007c30       0x70 ./Middlewares/ST/STM32_USB_Device_Library/Class/CDC/Src/usbd_cdc.o
 .text.USBD_CDC_GetHSCfgDesc
                0x0000000008007ca0       0x70 ./Middlewares/ST/STM32_USB_Device_Library/Class/CDC/Src/usbd_cdc.o
 .text.USBD_CDC_GetOtherSpeedCfgDesc
                0x0000000008007d10       0x70 ./Middlewares/ST/STM32_USB_Device_Library/Class/CDC/Src/usbd_cdc.o
 .text.USBD_CDC_GetDeviceQualifierDescriptor
                0x0000000008007d80       0x20 ./Middlewares/ST/STM32_USB_Device_Library/Class/CDC/Src/usbd_cdc.o
                0x0000000008007d80                USBD_CDC_GetDeviceQualifierDescriptor
 .text.USBD_CDC_RegisterInterface
                0x0000000008007da0       0x34 ./Middlewares/ST/STM32_USB_Device_Library/Class/CDC/Src/usbd_cdc.o
                0x0000000008007da0                USBD_CDC_RegisterInterface
 .text.USBD_CDC_SetTxBuffer
                0x0000000008007dd4       0x44 ./Middlewares/ST/STM32_USB_Device_Library/Class/CDC/Src/usbd_cdc.o
                0x0000000008007dd4                USBD_CDC_SetTxBuffer
 .text.USBD_CDC_SetRxBuffer
                0x0000000008007e18       0x3a ./Middlewares/ST/STM32_USB_Device_Library/Class/CDC/Src/usbd_cdc.o
                0x0000000008007e18                USBD_CDC_SetRxBuffer
 *fill*         0x0000000008007e52        0x2 
 .text.USBD_CDC_ReceivePacket
                0x0000000008007e54       0x6c ./Middlewares/ST/STM32_USB_Device_Library/Class/CDC/Src/usbd_cdc.o
                0x0000000008007e54                USBD_CDC_ReceivePacket
 .text.USBD_Init
                0x0000000008007ec0       0x60 ./Middlewares/ST/STM32_USB_Device_Library/Core/Src/usbd_core.o
                0x0000000008007ec0                USBD_Init
 .text.USBD_RegisterClass
                0x0000000008007f20       0x6c ./Middlewares/ST/STM32_USB_Device_Library/Core/Src/usbd_core.o
                0x0000000008007f20                USBD_RegisterClass
 .text.USBD_Start
                0x0000000008007f8c       0x18 ./Middlewares/ST/STM32_USB_Device_Library/Core/Src/usbd_core.o
                0x0000000008007f8c                USBD_Start
 .text.USBD_RunTestMode
                0x0000000008007fa4       0x16 ./Middlewares/ST/STM32_USB_Device_Library/Core/Src/usbd_core.o
                0x0000000008007fa4                USBD_RunTestMode
 .text.USBD_SetClassConfig
                0x0000000008007fba       0x38 ./Middlewares/ST/STM32_USB_Device_Library/Core/Src/usbd_core.o
                0x0000000008007fba                USBD_SetClassConfig
 .text.USBD_ClrClassConfig
                0x0000000008007ff2       0x34 ./Middlewares/ST/STM32_USB_Device_Library/Core/Src/usbd_core.o
                0x0000000008007ff2                USBD_ClrClassConfig
 .text.USBD_LL_SetupStage
                0x0000000008008026       0xaa ./Middlewares/ST/STM32_USB_Device_Library/Core/Src/usbd_core.o
                0x0000000008008026                USBD_LL_SetupStage
 .text.USBD_LL_DataOutStage
                0x00000000080080d0      0x166 ./Middlewares/ST/STM32_USB_Device_Library/Core/Src/usbd_core.o
                0x00000000080080d0                USBD_LL_DataOutStage
 .text.USBD_LL_DataInStage
                0x0000000008008236      0x164 ./Middlewares/ST/STM32_USB_Device_Library/Core/Src/usbd_core.o
                0x0000000008008236                USBD_LL_DataInStage
 .text.USBD_LL_Reset
                0x000000000800839a       0xa4 ./Middlewares/ST/STM32_USB_Device_Library/Core/Src/usbd_core.o
                0x000000000800839a                USBD_LL_Reset
 .text.USBD_LL_SetSpeed
                0x000000000800843e       0x20 ./Middlewares/ST/STM32_USB_Device_Library/Core/Src/usbd_core.o
                0x000000000800843e                USBD_LL_SetSpeed
 .text.USBD_LL_Suspend
                0x000000000800845e       0x2c ./Middlewares/ST/STM32_USB_Device_Library/Core/Src/usbd_core.o
                0x000000000800845e                USBD_LL_Suspend
 .text.USBD_LL_Resume
                0x000000000800848a       0x30 ./Middlewares/ST/STM32_USB_Device_Library/Core/Src/usbd_core.o
                0x000000000800848a                USBD_LL_Resume
 .text.USBD_LL_SOF
                0x00000000080084ba       0x40 ./Middlewares/ST/STM32_USB_Device_Library/Core/Src/usbd_core.o
                0x00000000080084ba                USBD_LL_SOF
 .text.USBD_LL_IsoINIncomplete
                0x00000000080084fa       0x64 ./Middlewares/ST/STM32_USB_Device_Library/Core/Src/usbd_core.o
                0x00000000080084fa                USBD_LL_IsoINIncomplete
 .text.USBD_LL_IsoOUTIncomplete
                0x000000000800855e       0x64 ./Middlewares/ST/STM32_USB_Device_Library/Core/Src/usbd_core.o
                0x000000000800855e                USBD_LL_IsoOUTIncomplete
 .text.USBD_LL_DevConnected
                0x00000000080085c2       0x16 ./Middlewares/ST/STM32_USB_Device_Library/Core/Src/usbd_core.o
                0x00000000080085c2                USBD_LL_DevConnected
 .text.USBD_LL_DevDisconnected
                0x00000000080085d8       0x46 ./Middlewares/ST/STM32_USB_Device_Library/Core/Src/usbd_core.o
                0x00000000080085d8                USBD_LL_DevDisconnected
 .text.USBD_CoreFindIF
                0x000000000800861e       0x1a ./Middlewares/ST/STM32_USB_Device_Library/Core/Src/usbd_core.o
                0x000000000800861e                USBD_CoreFindIF
 .text.USBD_CoreFindEP
                0x0000000008008638       0x1a ./Middlewares/ST/STM32_USB_Device_Library/Core/Src/usbd_core.o
                0x0000000008008638                USBD_CoreFindEP
 .text.USBD_GetEpDesc
                0x0000000008008652       0x74 ./Middlewares/ST/STM32_USB_Device_Library/Core/Src/usbd_core.o
                0x0000000008008652                USBD_GetEpDesc
 .text.USBD_GetNextDesc
                0x00000000080086c6       0x3a ./Middlewares/ST/STM32_USB_Device_Library/Core/Src/usbd_core.o
                0x00000000080086c6                USBD_GetNextDesc
 .text.SWAPBYTE
                0x0000000008008700       0x3c ./Middlewares/ST/STM32_USB_Device_Library/Core/Src/usbd_ctlreq.o
 .text.USBD_StdDevReq
                0x000000000800873c       0xe4 ./Middlewares/ST/STM32_USB_Device_Library/Core/Src/usbd_ctlreq.o
                0x000000000800873c                USBD_StdDevReq
 .text.USBD_StdItfReq
                0x0000000008008820       0xd8 ./Middlewares/ST/STM32_USB_Device_Library/Core/Src/usbd_ctlreq.o
                0x0000000008008820                USBD_StdItfReq
 .text.USBD_StdEPReq
                0x00000000080088f8      0x33a ./Middlewares/ST/STM32_USB_Device_Library/Core/Src/usbd_ctlreq.o
                0x00000000080088f8                USBD_StdEPReq
 *fill*         0x0000000008008c32        0x2 
 .text.USBD_GetDescriptor
                0x0000000008008c34      0x2d4 ./Middlewares/ST/STM32_USB_Device_Library/Core/Src/usbd_ctlreq.o
 .text.USBD_SetAddress
                0x0000000008008f08       0x88 ./Middlewares/ST/STM32_USB_Device_Library/Core/Src/usbd_ctlreq.o
 .text.USBD_SetConfig
                0x0000000008008f90      0x154 ./Middlewares/ST/STM32_USB_Device_Library/Core/Src/usbd_ctlreq.o
 .text.USBD_GetConfig
                0x00000000080090e4       0x6c ./Middlewares/ST/STM32_USB_Device_Library/Core/Src/usbd_ctlreq.o
 .text.USBD_GetStatus
                0x0000000008009150       0x68 ./Middlewares/ST/STM32_USB_Device_Library/Core/Src/usbd_ctlreq.o
 .text.USBD_SetFeature
                0x00000000080091b8       0x52 ./Middlewares/ST/STM32_USB_Device_Library/Core/Src/usbd_ctlreq.o
 .text.USBD_ClrFeature
                0x000000000800920a       0x44 ./Middlewares/ST/STM32_USB_Device_Library/Core/Src/usbd_ctlreq.o
 .text.USBD_ParseSetupRequest
                0x000000000800924e       0x74 ./Middlewares/ST/STM32_USB_Device_Library/Core/Src/usbd_ctlreq.o
                0x000000000800924e                USBD_ParseSetupRequest
 .text.USBD_CtlError
                0x00000000080092c2       0x22 ./Middlewares/ST/STM32_USB_Device_Library/Core/Src/usbd_ctlreq.o
                0x00000000080092c2                USBD_CtlError
 .text.USBD_GetString
                0x00000000080092e4       0x8c ./Middlewares/ST/STM32_USB_Device_Library/Core/Src/usbd_ctlreq.o
                0x00000000080092e4                USBD_GetString
 .text.USBD_GetLen
                0x0000000008009370       0x34 ./Middlewares/ST/STM32_USB_Device_Library/Core/Src/usbd_ctlreq.o
 .text.USBD_CtlSendData
                0x00000000080093a4       0x36 ./Middlewares/ST/STM32_USB_Device_Library/Core/Src/usbd_ioreq.o
                0x00000000080093a4                USBD_CtlSendData
 .text.USBD_CtlContinueSendData
                0x00000000080093da       0x22 ./Middlewares/ST/STM32_USB_Device_Library/Core/Src/usbd_ioreq.o
                0x00000000080093da                USBD_CtlContinueSendData
 .text.USBD_CtlPrepareRx
                0x00000000080093fc       0x3a ./Middlewares/ST/STM32_USB_Device_Library/Core/Src/usbd_ioreq.o
                0x00000000080093fc                USBD_CtlPrepareRx
 .text.USBD_CtlContinueRx
                0x0000000008009436       0x22 ./Middlewares/ST/STM32_USB_Device_Library/Core/Src/usbd_ioreq.o
                0x0000000008009436                USBD_CtlContinueRx
 .text.USBD_CtlSendStatus
                0x0000000008009458       0x26 ./Middlewares/ST/STM32_USB_Device_Library/Core/Src/usbd_ioreq.o
                0x0000000008009458                USBD_CtlSendStatus
 .text.USBD_CtlReceiveStatus
                0x000000000800947e       0x26 ./Middlewares/ST/STM32_USB_Device_Library/Core/Src/usbd_ioreq.o
                0x000000000800947e                USBD_CtlReceiveStatus
 .text.MX_USB_DEVICE_Init
                0x00000000080094a4       0x60 ./USB_DEVICE/App/usb_device.o
                0x00000000080094a4                MX_USB_DEVICE_Init
 .text.CDC_Init_FS
                0x0000000008009504       0x28 ./USB_DEVICE/App/usbd_cdc_if.o
 .text.CDC_DeInit_FS
                0x000000000800952c       0x10 ./USB_DEVICE/App/usbd_cdc_if.o
 .text.CDC_Control_FS
                0x000000000800953c       0xbc ./USB_DEVICE/App/usbd_cdc_if.o
 .text.CDC_Receive_FS
                0x00000000080095f8       0x90 ./USB_DEVICE/App/usbd_cdc_if.o
 .text.CDC_TransmitCplt_FS
                0x0000000008009688       0x22 ./USB_DEVICE/App/usbd_cdc_if.o
 *fill*         0x00000000080096aa        0x2 
 .text.USBD_FS_DeviceDescriptor
                0x00000000080096ac       0x24 ./USB_DEVICE/App/usbd_desc.o
                0x00000000080096ac                USBD_FS_DeviceDescriptor
 .text.USBD_FS_LangIDStrDescriptor
                0x00000000080096d0       0x24 ./USB_DEVICE/App/usbd_desc.o
                0x00000000080096d0                USBD_FS_LangIDStrDescriptor
 .text.USBD_FS_ProductStrDescriptor
                0x00000000080096f4       0x3c ./USB_DEVICE/App/usbd_desc.o
                0x00000000080096f4                USBD_FS_ProductStrDescriptor
 .text.USBD_FS_ManufacturerStrDescriptor
                0x0000000008009730       0x28 ./USB_DEVICE/App/usbd_desc.o
                0x0000000008009730                USBD_FS_ManufacturerStrDescriptor
 .text.USBD_FS_SerialStrDescriptor
                0x0000000008009758       0x24 ./USB_DEVICE/App/usbd_desc.o
                0x0000000008009758                USBD_FS_SerialStrDescriptor
 .text.USBD_FS_ConfigStrDescriptor
                0x000000000800977c       0x3c ./USB_DEVICE/App/usbd_desc.o
                0x000000000800977c                USBD_FS_ConfigStrDescriptor
 .text.USBD_FS_InterfaceStrDescriptor
                0x00000000080097b8       0x3c ./USB_DEVICE/App/usbd_desc.o
                0x00000000080097b8                USBD_FS_InterfaceStrDescriptor
 .text.Get_SerialNum
                0x00000000080097f4       0x58 ./USB_DEVICE/App/usbd_desc.o
 .text.IntToUnicode
                0x000000000800984c       0x7e ./USB_DEVICE/App/usbd_desc.o
 *fill*         0x00000000080098ca        0x2 
 .text.HAL_PCD_MspInit
                0x00000000080098cc       0xc4 ./USB_DEVICE/Target/usbd_conf.o
                0x00000000080098cc                HAL_PCD_MspInit
 .text.HAL_PCD_SetupStageCallback
                0x0000000008009990       0x24 ./USB_DEVICE/Target/usbd_conf.o
                0x0000000008009990                HAL_PCD_SetupStageCallback
 .text.HAL_PCD_DataOutStageCallback
                0x00000000080099b4       0x36 ./USB_DEVICE/Target/usbd_conf.o
                0x00000000080099b4                HAL_PCD_DataOutStageCallback
 .text.HAL_PCD_DataInStageCallback
                0x00000000080099ea       0x34 ./USB_DEVICE/Target/usbd_conf.o
                0x00000000080099ea                HAL_PCD_DataInStageCallback
 .text.HAL_PCD_SOFCallback
                0x0000000008009a1e       0x1c ./USB_DEVICE/Target/usbd_conf.o
                0x0000000008009a1e                HAL_PCD_SOFCallback
 .text.HAL_PCD_ResetCallback
                0x0000000008009a3a       0x50 ./USB_DEVICE/Target/usbd_conf.o
                0x0000000008009a3a                HAL_PCD_ResetCallback
 *fill*         0x0000000008009a8a        0x2 
 .text.HAL_PCD_SuspendCallback
                0x0000000008009a8c       0x4c ./USB_DEVICE/Target/usbd_conf.o
                0x0000000008009a8c                HAL_PCD_SuspendCallback
 .text.HAL_PCD_ResumeCallback
                0x0000000008009ad8       0x1c ./USB_DEVICE/Target/usbd_conf.o
                0x0000000008009ad8                HAL_PCD_ResumeCallback
 .text.HAL_PCD_ISOOUTIncompleteCallback
                0x0000000008009af4       0x24 ./USB_DEVICE/Target/usbd_conf.o
                0x0000000008009af4                HAL_PCD_ISOOUTIncompleteCallback
 .text.HAL_PCD_ISOINIncompleteCallback
                0x0000000008009b18       0x24 ./USB_DEVICE/Target/usbd_conf.o
                0x0000000008009b18                HAL_PCD_ISOINIncompleteCallback
 .text.HAL_PCD_ConnectCallback
                0x0000000008009b3c       0x1c ./USB_DEVICE/Target/usbd_conf.o
                0x0000000008009b3c                HAL_PCD_ConnectCallback
 .text.HAL_PCD_DisconnectCallback
                0x0000000008009b58       0x1c ./USB_DEVICE/Target/usbd_conf.o
                0x0000000008009b58                HAL_PCD_DisconnectCallback
 .text.USBD_LL_Init
                0x0000000008009b74       0x98 ./USB_DEVICE/Target/usbd_conf.o
                0x0000000008009b74                USBD_LL_Init
 .text.USBD_LL_Start
                0x0000000008009c0c       0x36 ./USB_DEVICE/Target/usbd_conf.o
                0x0000000008009c0c                USBD_LL_Start
 .text.USBD_LL_OpenEP
                0x0000000008009c42       0x4c ./USB_DEVICE/Target/usbd_conf.o
                0x0000000008009c42                USBD_LL_OpenEP
 .text.USBD_LL_CloseEP
                0x0000000008009c8e       0x3e ./USB_DEVICE/Target/usbd_conf.o
                0x0000000008009c8e                USBD_LL_CloseEP
 .text.USBD_LL_StallEP
                0x0000000008009ccc       0x3e ./USB_DEVICE/Target/usbd_conf.o
                0x0000000008009ccc                USBD_LL_StallEP
 .text.USBD_LL_ClearStallEP
                0x0000000008009d0a       0x3e ./USB_DEVICE/Target/usbd_conf.o
                0x0000000008009d0a                USBD_LL_ClearStallEP
 .text.USBD_LL_IsStallEP
                0x0000000008009d48       0x58 ./USB_DEVICE/Target/usbd_conf.o
                0x0000000008009d48                USBD_LL_IsStallEP
 .text.USBD_LL_SetUSBAddress
                0x0000000008009da0       0x3e ./USB_DEVICE/Target/usbd_conf.o
                0x0000000008009da0                USBD_LL_SetUSBAddress
 .text.USBD_LL_Transmit
                0x0000000008009dde       0x42 ./USB_DEVICE/Target/usbd_conf.o
                0x0000000008009dde                USBD_LL_Transmit
 .text.USBD_LL_PrepareReceive
                0x0000000008009e20       0x42 ./USB_DEVICE/Target/usbd_conf.o
                0x0000000008009e20                USBD_LL_PrepareReceive
 .text.USBD_LL_GetRxDataSize
                0x0000000008009e62       0x26 ./USB_DEVICE/Target/usbd_conf.o
                0x0000000008009e62                USBD_LL_GetRxDataSize
 .text.USBD_static_malloc
                0x0000000008009e88       0x1c ./USB_DEVICE/Target/usbd_conf.o
                0x0000000008009e88                USBD_static_malloc
 .text.USBD_static_free
                0x0000000008009ea4       0x14 ./USB_DEVICE/Target/usbd_conf.o
                0x0000000008009ea4                USBD_static_free
 .text.USBD_Get_USB_Status
                0x0000000008009eb8       0x58 ./USB_DEVICE/Target/usbd_conf.o
                0x0000000008009eb8                USBD_Get_USB_Status
 .text.sscanf   0x0000000008009f10       0x58 C:/ST/STM32CubeIDE_1.11.2/STM32CubeIDE/plugins/com.st.stm32cube.ide.mcu.externaltools.gnu-tools-for-stm32.11.3.rel1.win32_1.1.0.202305231506/tools/bin/../lib/gcc/arm-none-eabi/11.3.1/../../../../arm-none-eabi/lib/thumb/v7e-m+fp/hard\libc_nano.a(libc_a-sscanf.o)
                0x0000000008009f10                siscanf
                0x0000000008009f10                sscanf
 .text.__seofread
                0x0000000008009f68        0x4 C:/ST/STM32CubeIDE_1.11.2/STM32CubeIDE/plugins/com.st.stm32cube.ide.mcu.externaltools.gnu-tools-for-stm32.11.3.rel1.win32_1.1.0.202305231506/tools/bin/../lib/gcc/arm-none-eabi/11.3.1/../../../../arm-none-eabi/lib/thumb/v7e-m+fp/hard\libc_nano.a(libc_a-stdio.o)
                0x0000000008009f68                __seofread
 .text.memset   0x0000000008009f6c       0x10 C:/ST/STM32CubeIDE_1.11.2/STM32CubeIDE/plugins/com.st.stm32cube.ide.mcu.externaltools.gnu-tools-for-stm32.11.3.rel1.win32_1.1.0.202305231506/tools/bin/../lib/gcc/arm-none-eabi/11.3.1/../../../../arm-none-eabi/lib/thumb/v7e-m+fp/hard\libc_nano.a(libc_a-memset.o)
                0x0000000008009f6c                memset
 .text.__errno  0x0000000008009f7c        0xc C:/ST/STM32CubeIDE_1.11.2/STM32CubeIDE/plugins/com.st.stm32cube.ide.mcu.externaltools.gnu-tools-for-stm32.11.3.rel1.win32_1.1.0.202305231506/tools/bin/../lib/gcc/arm-none-eabi/11.3.1/../../../../arm-none-eabi/lib/thumb/v7e-m+fp/hard\libc_nano.a(libc_a-errno.o)
                0x0000000008009f7c                __errno
 .text.__libc_init_array
                0x0000000008009f88       0x48 C:/ST/STM32CubeIDE_1.11.2/STM32CubeIDE/plugins/com.st.stm32cube.ide.mcu.externaltools.gnu-tools-for-stm32.11.3.rel1.win32_1.1.0.202305231506/tools/bin/../lib/gcc/arm-none-eabi/11.3.1/../../../../arm-none-eabi/lib/thumb/v7e-m+fp/hard\libc_nano.a(libc_a-init.o)
                0x0000000008009f88                __libc_init_array
 .text.__retarget_lock_acquire_recursive
                0x0000000008009fd0        0x2 C:/ST/STM32CubeIDE_1.11.2/STM32CubeIDE/plugins/com.st.stm32cube.ide.mcu.externaltools.gnu-tools-for-stm32.11.3.rel1.win32_1.1.0.202305231506/tools/bin/../lib/gcc/arm-none-eabi/11.3.1/../../../../arm-none-eabi/lib/thumb/v7e-m+fp/hard\libc_nano.a(libc_a-lock.o)
                0x0000000008009fd0                __retarget_lock_acquire_recursive
 .text.__retarget_lock_release_recursive
                0x0000000008009fd2        0x2 C:/ST/STM32CubeIDE_1.11.2/STM32CubeIDE/plugins/com.st.stm32cube.ide.mcu.externaltools.gnu-tools-for-stm32.11.3.rel1.win32_1.1.0.202305231506/tools/bin/../lib/gcc/arm-none-eabi/11.3.1/../../../../arm-none-eabi/lib/thumb/v7e-m+fp/hard\libc_nano.a(libc_a-lock.o)
                0x0000000008009fd2                __retarget_lock_release_recursive
 .text._free_r  0x0000000008009fd4       0x98 C:/ST/STM32CubeIDE_1.11.2/STM32CubeIDE/plugins/com.st.stm32cube.ide.mcu.externaltools.gnu-tools-for-stm32.11.3.rel1.win32_1.1.0.202305231506/tools/bin/../lib/gcc/arm-none-eabi/11.3.1/../../../../arm-none-eabi/lib/thumb/v7e-m+fp/hard\libc_nano.a(libc_a-freer.o)
                0x0000000008009fd4                _free_r
 .text.sbrk_aligned
                0x000000000800a06c       0x40 C:/ST/STM32CubeIDE_1.11.2/STM32CubeIDE/plugins/com.st.stm32cube.ide.mcu.externaltools.gnu-tools-for-stm32.11.3.rel1.win32_1.1.0.202305231506/tools/bin/../lib/gcc/arm-none-eabi/11.3.1/../../../../arm-none-eabi/lib/thumb/v7e-m+fp/hard\libc_nano.a(libc_a-mallocr.o)
 .text._malloc_r
                0x000000000800a0ac      0x100 C:/ST/STM32CubeIDE_1.11.2/STM32CubeIDE/plugins/com.st.stm32cube.ide.mcu.externaltools.gnu-tools-for-stm32.11.3.rel1.win32_1.1.0.202305231506/tools/bin/../lib/gcc/arm-none-eabi/11.3.1/../../../../arm-none-eabi/lib/thumb/v7e-m+fp/hard\libc_nano.a(libc_a-mallocr.o)
                0x000000000800a0ac                _malloc_r
 .text.__malloc_lock
                0x000000000800a1ac        0xc C:/ST/STM32CubeIDE_1.11.2/STM32CubeIDE/plugins/com.st.stm32cube.ide.mcu.externaltools.gnu-tools-for-stm32.11.3.rel1.win32_1.1.0.202305231506/tools/bin/../lib/gcc/arm-none-eabi/11.3.1/../../../../arm-none-eabi/lib/thumb/v7e-m+fp/hard\libc_nano.a(libc_a-mlock.o)
                0x000000000800a1ac                __malloc_lock
 .text.__malloc_unlock
                0x000000000800a1b8        0xc C:/ST/STM32CubeIDE_1.11.2/STM32CubeIDE/plugins/com.st.stm32cube.ide.mcu.externaltools.gnu-tools-for-stm32.11.3.rel1.win32_1.1.0.202305231506/tools/bin/../lib/gcc/arm-none-eabi/11.3.1/../../../../arm-none-eabi/lib/thumb/v7e-m+fp/hard\libc_nano.a(libc_a-mlock.o)
                0x000000000800a1b8                __malloc_unlock
 .text._sungetc_r
                0x000000000800a1c4       0x7a C:/ST/STM32CubeIDE_1.11.2/STM32CubeIDE/plugins/com.st.stm32cube.ide.mcu.externaltools.gnu-tools-for-stm32.11.3.rel1.win32_1.1.0.202305231506/tools/bin/../lib/gcc/arm-none-eabi/11.3.1/../../../../arm-none-eabi/lib/thumb/v7e-m+fp/hard\libc_nano.a(libc_a-nano-svfscanf.o)
                0x000000000800a1c4                _sungetc_r
 .text.__ssrefill_r
                0x000000000800a23e       0x3a C:/ST/STM32CubeIDE_1.11.2/STM32CubeIDE/plugins/com.st.stm32cube.ide.mcu.externaltools.gnu-tools-for-stm32.11.3.rel1.win32_1.1.0.202305231506/tools/bin/../lib/gcc/arm-none-eabi/11.3.1/../../../../arm-none-eabi/lib/thumb/v7e-m+fp/hard\libc_nano.a(libc_a-nano-svfscanf.o)
                0x000000000800a23e                __ssrefill_r
 .text.__ssvfscanf_r
                0x000000000800a278      0x2f0 C:/ST/STM32CubeIDE_1.11.2/STM32CubeIDE/plugins/com.st.stm32cube.ide.mcu.externaltools.gnu-tools-for-stm32.11.3.rel1.win32_1.1.0.202305231506/tools/bin/../lib/gcc/arm-none-eabi/11.3.1/../../../../arm-none-eabi/lib/thumb/v7e-m+fp/hard\libc_nano.a(libc_a-nano-svfscanf.o)
                0x000000000800a278                __ssvfiscanf_r
                0x000000000800a278                __ssvfscanf_r
 .text._scanf_chars
                0x000000000800a568       0xb4 C:/ST/STM32CubeIDE_1.11.2/STM32CubeIDE/plugins/com.st.stm32cube.ide.mcu.externaltools.gnu-tools-for-stm32.11.3.rel1.win32_1.1.0.202305231506/tools/bin/../lib/gcc/arm-none-eabi/11.3.1/../../../../arm-none-eabi/lib/thumb/v7e-m+fp/hard\libc_nano.a(libc_a-nano-vfscanf_i.o)
                0x000000000800a568                _scanf_chars
 .text._scanf_i
                0x000000000800a61c      0x1e8 C:/ST/STM32CubeIDE_1.11.2/STM32CubeIDE/plugins/com.st.stm32cube.ide.mcu.externaltools.gnu-tools-for-stm32.11.3.rel1.win32_1.1.0.202305231506/tools/bin/../lib/gcc/arm-none-eabi/11.3.1/../../../../arm-none-eabi/lib/thumb/v7e-m+fp/hard\libc_nano.a(libc_a-nano-vfscanf_i.o)
                0x000000000800a61c                _scanf_i
 .text.__sccl   0x000000000800a804       0x72 C:/ST/STM32CubeIDE_1.11.2/STM32CubeIDE/plugins/com.st.stm32cube.ide.mcu.externaltools.gnu-tools-for-stm32.11.3.rel1.win32_1.1.0.202305231506/tools/bin/../lib/gcc/arm-none-eabi/11.3.1/../../../../arm-none-eabi/lib/thumb/v7e-m+fp/hard\libc_nano.a(libc_a-sccl.o)
                0x000000000800a804                __sccl
 .text.__submore
                0x000000000800a876       0x74 C:/ST/STM32CubeIDE_1.11.2/STM32CubeIDE/plugins/com.st.stm32cube.ide.mcu.externaltools.gnu-tools-for-stm32.11.3.rel1.win32_1.1.0.202305231506/tools/bin/../lib/gcc/arm-none-eabi/11.3.1/../../../../arm-none-eabi/lib/thumb/v7e-m+fp/hard\libc_nano.a(libc_a-ungetc.o)
                0x000000000800a876                __submore
 *fill*         0x000000000800a8ea        0x2 
 .text._sbrk_r  0x000000000800a8ec       0x20 C:/ST/STM32CubeIDE_1.11.2/STM32CubeIDE/plugins/com.st.stm32cube.ide.mcu.externaltools.gnu-tools-for-stm32.11.3.rel1.win32_1.1.0.202305231506/tools/bin/../lib/gcc/arm-none-eabi/11.3.1/../../../../arm-none-eabi/lib/thumb/v7e-m+fp/hard\libc_nano.a(libc_a-sbrkr.o)
                0x000000000800a8ec                _sbrk_r
 .text.memcpy   0x000000000800a90c       0x1c C:/ST/STM32CubeIDE_1.11.2/STM32CubeIDE/plugins/com.st.stm32cube.ide.mcu.externaltools.gnu-tools-for-stm32.11.3.rel1.win32_1.1.0.202305231506/tools/bin/../lib/gcc/arm-none-eabi/11.3.1/../../../../arm-none-eabi/lib/thumb/v7e-m+fp/hard\libc_nano.a(libc_a-memcpy-stub.o)
                0x000000000800a90c                memcpy
 .text._realloc_r
                0x000000000800a928       0x5e C:/ST/STM32CubeIDE_1.11.2/STM32CubeIDE/plugins/com.st.stm32cube.ide.mcu.externaltools.gnu-tools-for-stm32.11.3.rel1.win32_1.1.0.202305231506/tools/bin/../lib/gcc/arm-none-eabi/11.3.1/../../../../arm-none-eabi/lib/thumb/v7e-m+fp/hard\libc_nano.a(libc_a-reallocr.o)
                0x000000000800a928                _realloc_r
 *fill*         0x000000000800a986        0x2 
 .text._strtol_l.constprop.0
                0x000000000800a988      0x104 C:/ST/STM32CubeIDE_1.11.2/STM32CubeIDE/plugins/com.st.stm32cube.ide.mcu.externaltools.gnu-tools-for-stm32.11.3.rel1.win32_1.1.0.202305231506/tools/bin/../lib/gcc/arm-none-eabi/11.3.1/../../../../arm-none-eabi/lib/thumb/v7e-m+fp/hard\libc_nano.a(libc_a-strtol.o)
 .text._strtol_r
                0x000000000800aa8c        0x4 C:/ST/STM32CubeIDE_1.11.2/STM32CubeIDE/plugins/com.st.stm32cube.ide.mcu.externaltools.gnu-tools-for-stm32.11.3.rel1.win32_1.1.0.202305231506/tools/bin/../lib/gcc/arm-none-eabi/11.3.1/../../../../arm-none-eabi/lib/thumb/v7e-m+fp/hard\libc_nano.a(libc_a-strtol.o)
                0x000000000800aa8c                _strtol_r
 .text._strtoul_l.constprop.0
                0x000000000800aa90       0xe4 C:/ST/STM32CubeIDE_1.11.2/STM32CubeIDE/plugins/com.st.stm32cube.ide.mcu.externaltools.gnu-tools-for-stm32.11.3.rel1.win32_1.1.0.202305231506/tools/bin/../lib/gcc/arm-none-eabi/11.3.1/../../../../arm-none-eabi/lib/thumb/v7e-m+fp/hard\libc_nano.a(libc_a-strtoul.o)
 .text._strtoul_r
                0x000000000800ab74        0x4 C:/ST/STM32CubeIDE_1.11.2/STM32CubeIDE/plugins/com.st.stm32cube.ide.mcu.externaltools.gnu-tools-for-stm32.11.3.rel1.win32_1.1.0.202305231506/tools/bin/../lib/gcc/arm-none-eabi/11.3.1/../../../../arm-none-eabi/lib/thumb/v7e-m+fp/hard\libc_nano.a(libc_a-strtoul.o)
                0x000000000800ab74                _strtoul_r
 .text._malloc_usable_size_r
                0x000000000800ab78       0x10 C:/ST/STM32CubeIDE_1.11.2/STM32CubeIDE/plugins/com.st.stm32cube.ide.mcu.externaltools.gnu-tools-for-stm32.11.3.rel1.win32_1.1.0.202305231506/tools/bin/../lib/gcc/arm-none-eabi/11.3.1/../../../../arm-none-eabi/lib/thumb/v7e-m+fp/hard\libc_nano.a(libc_a-msizer.o)
                0x000000000800ab78                _malloc_usable_size_r
 *(.glue_7)
 .glue_7        0x000000000800ab88        0x0 linker stubs
 *(.glue_7t)
 .glue_7t       0x000000000800ab88        0x0 linker stubs
 *(.eh_frame)
 .eh_frame      0x000000000800ab88        0x0 C:/ST/STM32CubeIDE_1.11.2/STM32CubeIDE/plugins/com.st.stm32cube.ide.mcu.externaltools.gnu-tools-for-stm32.11.3.rel1.win32_1.1.0.202305231506/tools/bin/../lib/gcc/arm-none-eabi/11.3.1/thumb/v7e-m+fp/hard/crtbegin.o
 *(.init)
 .init          0x000000000800ab88        0x4 C:/ST/STM32CubeIDE_1.11.2/STM32CubeIDE/plugins/com.st.stm32cube.ide.mcu.externaltools.gnu-tools-for-stm32.11.3.rel1.win32_1.1.0.202305231506/tools/bin/../lib/gcc/arm-none-eabi/11.3.1/thumb/v7e-m+fp/hard/crti.o
                0x000000000800ab88                _init
 .init          0x000000000800ab8c        0x8 C:/ST/STM32CubeIDE_1.11.2/STM32CubeIDE/plugins/com.st.stm32cube.ide.mcu.externaltools.gnu-tools-for-stm32.11.3.rel1.win32_1.1.0.202305231506/tools/bin/../lib/gcc/arm-none-eabi/11.3.1/thumb/v7e-m+fp/hard/crtn.o
 *(.fini)
 .fini          0x000000000800ab94        0x4 C:/ST/STM32CubeIDE_1.11.2/STM32CubeIDE/plugins/com.st.stm32cube.ide.mcu.externaltools.gnu-tools-for-stm32.11.3.rel1.win32_1.1.0.202305231506/tools/bin/../lib/gcc/arm-none-eabi/11.3.1/thumb/v7e-m+fp/hard/crti.o
                0x000000000800ab94                _fini
 .fini          0x000000000800ab98        0x8 C:/ST/STM32CubeIDE_1.11.2/STM32CubeIDE/plugins/com.st.stm32cube.ide.mcu.externaltools.gnu-tools-for-stm32.11.3.rel1.win32_1.1.0.202305231506/tools/bin/../lib/gcc/arm-none-eabi/11.3.1/thumb/v7e-m+fp/hard/crtn.o
                0x000000000800aba0                . = ALIGN (0x4)
                0x000000000800aba0                _etext = .

.vfp11_veneer   0x000000000800aba0        0x0
 .vfp11_veneer  0x000000000800aba0        0x0 linker stubs

.v4_bx          0x000000000800aba0        0x0
 .v4_bx         0x000000000800aba0        0x0 linker stubs

.iplt           0x000000000800aba0        0x0
 .iplt          0x000000000800aba0        0x0 C:/ST/STM32CubeIDE_1.11.2/STM32CubeIDE/plugins/com.st.stm32cube.ide.mcu.externaltools.gnu-tools-for-stm32.11.3.rel1.win32_1.1.0.202305231506/tools/bin/../lib/gcc/arm-none-eabi/11.3.1/thumb/v7e-m+fp/hard/crtbegin.o

.rodata         0x000000000800aba0      0x1b4
                0x000000000800aba0                . = ALIGN (0x4)
 *(.rodata)
 .rodata        0x000000000800aba0       0x28 ./Core/Src/mySrc/Communication.o
 .rodata        0x000000000800abc8       0x46 ./USB_DEVICE/App/usbd_desc.o
 *fill*         0x000000000800ac0e        0x2 
 .rodata        0x000000000800ac10        0xc C:/ST/STM32CubeIDE_1.11.2/STM32CubeIDE/plugins/com.st.stm32cube.ide.mcu.externaltools.gnu-tools-for-stm32.11.3.rel1.win32_1.1.0.202305231506/tools/bin/../lib/gcc/arm-none-eabi/11.3.1/../../../../arm-none-eabi/lib/thumb/v7e-m+fp/hard\libc_nano.a(libc_a-nano-vfscanf_i.o)
 *(.rodata*)
 .rodata.AHBPrescTable
                0x000000000800ac1c       0x10 ./Core/Src/system_stm32f4xx.o
                0x000000000800ac1c                AHBPrescTable
 .rodata.APBPrescTable
                0x000000000800ac2c        0x8 ./Core/Src/system_stm32f4xx.o
                0x000000000800ac2c                APBPrescTable
 .rodata.__ssvfscanf_r.str1.1
                0x000000000800ac34        0x4 C:/ST/STM32CubeIDE_1.11.2/STM32CubeIDE/plugins/com.st.stm32cube.ide.mcu.externaltools.gnu-tools-for-stm32.11.3.rel1.win32_1.1.0.202305231506/tools/bin/../lib/gcc/arm-none-eabi/11.3.1/../../../../arm-none-eabi/lib/thumb/v7e-m+fp/hard\libc_nano.a(libc_a-nano-svfscanf.o)
 .rodata._scanf_i.str1.1
                0x000000000800ac38       0x12 C:/ST/STM32CubeIDE_1.11.2/STM32CubeIDE/plugins/com.st.stm32cube.ide.mcu.externaltools.gnu-tools-for-stm32.11.3.rel1.win32_1.1.0.202305231506/tools/bin/../lib/gcc/arm-none-eabi/11.3.1/../../../../arm-none-eabi/lib/thumb/v7e-m+fp/hard\libc_nano.a(libc_a-nano-vfscanf_i.o)
 .rodata.str1.1
                0x000000000800ac4a        0x9 C:/ST/STM32CubeIDE_1.11.2/STM32CubeIDE/plugins/com.st.stm32cube.ide.mcu.externaltools.gnu-tools-for-stm32.11.3.rel1.win32_1.1.0.202305231506/tools/bin/../lib/gcc/arm-none-eabi/11.3.1/../../../../arm-none-eabi/lib/thumb/v7e-m+fp/hard\libc_nano.a(libc_a-nano-vfscanf_i.o)
 .rodata._ctype_
                0x000000000800ac53      0x101 C:/ST/STM32CubeIDE_1.11.2/STM32CubeIDE/plugins/com.st.stm32cube.ide.mcu.externaltools.gnu-tools-for-stm32.11.3.rel1.win32_1.1.0.202305231506/tools/bin/../lib/gcc/arm-none-eabi/11.3.1/../../../../arm-none-eabi/lib/thumb/v7e-m+fp/hard\libc_nano.a(libc_a-ctype_.o)
                0x000000000800ac53                _ctype_
                0x000000000800ad54                . = ALIGN (0x4)

.ARM.extab      0x000000000800ad54        0x0
                0x000000000800ad54                . = ALIGN (0x4)
 *(.ARM.extab* .gnu.linkonce.armextab.*)
                0x000000000800ad54                . = ALIGN (0x4)

.ARM            0x000000000800ad54        0x8
                0x000000000800ad54                . = ALIGN (0x4)
                0x000000000800ad54                __exidx_start = .
 *(.ARM.exidx*)
 .ARM.exidx     0x000000000800ad54        0x8 C:/ST/STM32CubeIDE_1.11.2/STM32CubeIDE/plugins/com.st.stm32cube.ide.mcu.externaltools.gnu-tools-for-stm32.11.3.rel1.win32_1.1.0.202305231506/tools/bin/../lib/gcc/arm-none-eabi/11.3.1/thumb/v7e-m+fp/hard\libgcc.a(_udivmoddi4.o)
                0x000000000800ad5c                __exidx_end = .
                0x000000000800ad5c                . = ALIGN (0x4)

.rel.dyn        0x000000000800ad5c        0x0
 .rel.iplt      0x000000000800ad5c        0x0 C:/ST/STM32CubeIDE_1.11.2/STM32CubeIDE/plugins/com.st.stm32cube.ide.mcu.externaltools.gnu-tools-for-stm32.11.3.rel1.win32_1.1.0.202305231506/tools/bin/../lib/gcc/arm-none-eabi/11.3.1/thumb/v7e-m+fp/hard/crtbegin.o

.preinit_array  0x000000000800ad5c        0x0
                0x000000000800ad5c                . = ALIGN (0x4)
                0x000000000800ad5c                PROVIDE (__preinit_array_start = .)
 *(.preinit_array*)
                0x000000000800ad5c                PROVIDE (__preinit_array_end = .)
                0x000000000800ad5c                . = ALIGN (0x4)

.init_array     0x000000000800ad5c        0x4
                0x000000000800ad5c                . = ALIGN (0x4)
                0x000000000800ad5c                PROVIDE (__init_array_start = .)
 *(SORT_BY_NAME(.init_array.*))
 *(.init_array*)
 .init_array    0x000000000800ad5c        0x4 C:/ST/STM32CubeIDE_1.11.2/STM32CubeIDE/plugins/com.st.stm32cube.ide.mcu.externaltools.gnu-tools-for-stm32.11.3.rel1.win32_1.1.0.202305231506/tools/bin/../lib/gcc/arm-none-eabi/11.3.1/thumb/v7e-m+fp/hard/crtbegin.o
                0x000000000800ad60                PROVIDE (__init_array_end = .)
                0x000000000800ad60                . = ALIGN (0x4)

.fini_array     0x000000000800ad60        0x4
                0x000000000800ad60                . = ALIGN (0x4)
                [!provide]                        PROVIDE (__fini_array_start = .)
 *(SORT_BY_NAME(.fini_array.*))
 *(.fini_array*)
 .fini_array    0x000000000800ad60        0x4 C:/ST/STM32CubeIDE_1.11.2/STM32CubeIDE/plugins/com.st.stm32cube.ide.mcu.externaltools.gnu-tools-for-stm32.11.3.rel1.win32_1.1.0.202305231506/tools/bin/../lib/gcc/arm-none-eabi/11.3.1/thumb/v7e-m+fp/hard/crtbegin.o
                [!provide]                        PROVIDE (__fini_array_end = .)
                0x000000000800ad64                . = ALIGN (0x4)
                0x000000000800ad64                _sidata = LOADADDR (.data)

.data           0x0000000020000000      0x178 load address 0x000000000800ad64
                0x0000000020000000                . = ALIGN (0x4)
                0x0000000020000000                _sdata = .
 *(.data)
 *(.data*)
 .data.SystemCoreClock
                0x0000000020000000        0x4 ./Core/Src/system_stm32f4xx.o
                0x0000000020000000                SystemCoreClock
 .data.enableCommand
                0x0000000020000004        0x4 ./Core/Src/mySrc/Communication.o
                0x0000000020000004                enableCommand
 .data.resetCommand
                0x0000000020000008        0x4 ./Core/Src/mySrc/Communication.o
                0x0000000020000008                resetCommand
 .data.integralFirstUpdateNeeded_X
                0x000000002000000c        0x1 ./Core/Src/mySrc/Feedback.o
                0x000000002000000c                integralFirstUpdateNeeded_X
 .data.integralFirstUpdateNeeded_Y
                0x000000002000000d        0x1 ./Core/Src/mySrc/Feedback.o
                0x000000002000000d                integralFirstUpdateNeeded_Y
 *fill*         0x000000002000000e        0x2 
 .data.x_P      0x0000000020000010        0x4 ./Core/Src/mySrc/Feedback.o
                0x0000000020000010                x_P
 .data.x_D      0x0000000020000014        0x4 ./Core/Src/mySrc/Feedback.o
                0x0000000020000014                x_D
 .data.y_P      0x0000000020000018        0x4 ./Core/Src/mySrc/Feedback.o
                0x0000000020000018                y_P
 .data.y_I      0x000000002000001c        0x4 ./Core/Src/mySrc/Feedback.o
                0x000000002000001c                y_I
 .data.y_D      0x0000000020000020        0x4 ./Core/Src/mySrc/Feedback.o
                0x0000000020000020                y_D
 .data.xTopSpeed
                0x0000000020000024        0x4 ./Core/Src/mySrc/Feedback.o
                0x0000000020000024                xTopSpeed
 .data.yTopSpeed
                0x0000000020000028        0x4 ./Core/Src/mySrc/Feedback.o
                0x0000000020000028                yTopSpeed
 .data.uwTickPrio
                0x000000002000002c        0x4 ./Drivers/STM32F4xx_HAL_Driver/Src/stm32f4xx_hal.o
                0x000000002000002c                uwTickPrio
 .data.uwTickFreq
                0x0000000020000030        0x1 ./Drivers/STM32F4xx_HAL_Driver/Src/stm32f4xx_hal.o
                0x0000000020000030                uwTickFreq
 *fill*         0x0000000020000031        0x3 
 .data.USBD_CDC_DeviceQualifierDesc
                0x0000000020000034        0xa ./Middlewares/ST/STM32_USB_Device_Library/Class/CDC/Src/usbd_cdc.o
 *fill*         0x000000002000003e        0x2 
 .data.USBD_CDC
                0x0000000020000040       0x38 ./Middlewares/ST/STM32_USB_Device_Library/Class/CDC/Src/usbd_cdc.o
                0x0000000020000040                USBD_CDC
 .data.USBD_CDC_CfgDesc
                0x0000000020000078       0x43 ./Middlewares/ST/STM32_USB_Device_Library/Class/CDC/Src/usbd_cdc.o
 .data.CDCInEpAdd
                0x00000000200000bb        0x1 ./Middlewares/ST/STM32_USB_Device_Library/Class/CDC/Src/usbd_cdc.o
 .data.CDCOutEpAdd
                0x00000000200000bc        0x1 ./Middlewares/ST/STM32_USB_Device_Library/Class/CDC/Src/usbd_cdc.o
 .data.CDCCmdEpAdd
                0x00000000200000bd        0x1 ./Middlewares/ST/STM32_USB_Device_Library/Class/CDC/Src/usbd_cdc.o
 *fill*         0x00000000200000be        0x2 
 .data.USBD_Interface_fops_FS
                0x00000000200000c0       0x14 ./USB_DEVICE/App/usbd_cdc_if.o
                0x00000000200000c0                USBD_Interface_fops_FS
 .data.lastCharPos.1
                0x00000000200000d4        0x1 ./USB_DEVICE/App/usbd_cdc_if.o
 *fill*         0x00000000200000d5        0x3 
 .data.FS_Desc  0x00000000200000d8       0x1c ./USB_DEVICE/App/usbd_desc.o
                0x00000000200000d8                FS_Desc
 .data.USBD_FS_DeviceDesc
                0x00000000200000f4       0x12 ./USB_DEVICE/App/usbd_desc.o
                0x00000000200000f4                USBD_FS_DeviceDesc
 *fill*         0x0000000020000106        0x2 
 .data.USBD_LangIDDesc
                0x0000000020000108        0x4 ./USB_DEVICE/App/usbd_desc.o
                0x0000000020000108                USBD_LangIDDesc
 .data.USBD_StringSerial
                0x000000002000010c       0x1a ./USB_DEVICE/App/usbd_desc.o
                0x000000002000010c                USBD_StringSerial
 *fill*         0x0000000020000126        0x2 
 .data._impure_data
                0x0000000020000128       0x4c C:/ST/STM32CubeIDE_1.11.2/STM32CubeIDE/plugins/com.st.stm32cube.ide.mcu.externaltools.gnu-tools-for-stm32.11.3.rel1.win32_1.1.0.202305231506/tools/bin/../lib/gcc/arm-none-eabi/11.3.1/../../../../arm-none-eabi/lib/thumb/v7e-m+fp/hard\libc_nano.a(libc_a-impure.o)
                0x0000000020000128                _impure_data
 .data._impure_ptr
                0x0000000020000174        0x4 C:/ST/STM32CubeIDE_1.11.2/STM32CubeIDE/plugins/com.st.stm32cube.ide.mcu.externaltools.gnu-tools-for-stm32.11.3.rel1.win32_1.1.0.202305231506/tools/bin/../lib/gcc/arm-none-eabi/11.3.1/../../../../arm-none-eabi/lib/thumb/v7e-m+fp/hard\libc_nano.a(libc_a-impure.o)
                0x0000000020000174                _impure_ptr
 *(.RamFunc)
 *(.RamFunc*)
                0x0000000020000178                . = ALIGN (0x4)
                0x0000000020000178                _edata = .
                0x000000000800aedc                _siccmram = LOADADDR (.ccmram)

.igot.plt       0x0000000020000178        0x0 load address 0x000000000800aedc
 .igot.plt      0x0000000020000178        0x0 C:/ST/STM32CubeIDE_1.11.2/STM32CubeIDE/plugins/com.st.stm32cube.ide.mcu.externaltools.gnu-tools-for-stm32.11.3.rel1.win32_1.1.0.202305231506/tools/bin/../lib/gcc/arm-none-eabi/11.3.1/thumb/v7e-m+fp/hard/crtbegin.o

.ccmram         0x0000000010000000        0x0 load address 0x000000000800aedc
                0x0000000010000000                . = ALIGN (0x4)
                0x0000000010000000                _sccmram = .
 *(.ccmram)
 *(.ccmram*)
                0x0000000010000000                . = ALIGN (0x4)
                0x0000000010000000                _eccmram = .
                0x0000000010000000                . = ALIGN (0x4)

.bss            0x0000000020000178     0x1fb8
                0x0000000020000178                _sbss = .
                0x0000000020000178                __bss_start__ = _sbss
 *(.bss)
 .bss           0x0000000020000178       0x1c C:/ST/STM32CubeIDE_1.11.2/STM32CubeIDE/plugins/com.st.stm32cube.ide.mcu.externaltools.gnu-tools-for-stm32.11.3.rel1.win32_1.1.0.202305231506/tools/bin/../lib/gcc/arm-none-eabi/11.3.1/thumb/v7e-m+fp/hard/crtbegin.o
 *(.bss*)
 .bss.hdac      0x0000000020000194       0x14 ./Core/Src/dac.o
                0x0000000020000194                hdac
 .bss.hspi2     0x00000000200001a8       0x58 ./Core/Src/spi.o
                0x00000000200001a8                hspi2
 .bss.htim6     0x0000000020000200       0x48 ./Core/Src/stm32f4xx_hal_timebase_tim.o
                0x0000000020000200                htim6
 .bss.__sbrk_heap_end
                0x0000000020000248        0x4 ./Core/Src/sysmem.o
 .bss.htim3     0x000000002000024c       0x48 ./Core/Src/tim.o
                0x000000002000024c                htim3
 .bss.htim4     0x0000000020000294       0x48 ./Core/Src/tim.o
                0x0000000020000294                htim4
 .bss.htim9     0x00000000200002dc       0x48 ./Core/Src/tim.o
                0x00000000200002dc                htim9
 .bss.xRotCount
                0x0000000020000324        0x4 ./Core/Src/mySrc/Callbacks.o
                0x0000000020000324                xRotCount
 .bss.yRotCount
                0x0000000020000328        0x4 ./Core/Src/mySrc/Callbacks.o
                0x0000000020000328                yRotCount
 .bss.logicEnableCommandSent
                0x000000002000032c        0x1 ./Core/Src/mySrc/Communication.o
                0x000000002000032c                logicEnableCommandSent
 *fill*         0x000000002000032d        0x3 
 .bss.targetCoordinateIn
                0x0000000020000330        0x4 ./Core/Src/mySrc/Communication.o
                0x0000000020000330                targetCoordinateIn
 .bss.updatedCoordinateIn
                0x0000000020000334        0x1 ./Core/Src/mySrc/Communication.o
                0x0000000020000334                updatedCoordinateIn
 *fill*         0x0000000020000335        0x3 
 .bss.lastError_X
                0x0000000020000338        0x4 ./Core/Src/mySrc/Feedback.o
                0x0000000020000338                lastError_X
 .bss.lastUpdateTicks_X
                0x000000002000033c        0x4 ./Core/Src/mySrc/Feedback.o
                0x000000002000033c                lastUpdateTicks_X
 .bss.rollingIntegral_X
                0x0000000020000340        0x4 ./Core/Src/mySrc/Feedback.o
                0x0000000020000340                rollingIntegral_X
 .bss.lastError_Y
                0x0000000020000344        0x4 ./Core/Src/mySrc/Feedback.o
                0x0000000020000344                lastError_Y
 .bss.lastUpdateTicks_Y
                0x0000000020000348        0x4 ./Core/Src/mySrc/Feedback.o
                0x0000000020000348                lastUpdateTicks_Y
 .bss.rollingIntegral_Y
                0x000000002000034c        0x4 ./Core/Src/mySrc/Feedback.o
                0x000000002000034c                rollingIntegral_Y
 .bss.x_I       0x0000000020000350        0x4 ./Core/Src/mySrc/Feedback.o
                0x0000000020000350                x_I
 .bss.lastXError
                0x0000000020000354        0x4 ./Core/Src/mySrc/Feedback.o
                0x0000000020000354                lastXError
 .bss.lastYError
                0x0000000020000358        0x4 ./Core/Src/mySrc/Feedback.o
                0x0000000020000358                lastYError
 .bss.softwareMotorLock
                0x000000002000035c        0x1 ./Core/Src/mySrc/MotorWriters.o
                0x000000002000035c                softwareMotorLock
 *fill*         0x000000002000035d        0x3 
 .bss.currentXSpeed
                0x0000000020000360        0x4 ./Core/Src/mySrc/MotorWriters.o
                0x0000000020000360                currentXSpeed
 .bss.currentXDirection
                0x0000000020000364        0x1 ./Core/Src/mySrc/MotorWriters.o
                0x0000000020000364                currentXDirection
 *fill*         0x0000000020000365        0x1 
 .bss.XSpeedTwelveBit
                0x0000000020000366        0x2 ./Core/Src/mySrc/MotorWriters.o
                0x0000000020000366                XSpeedTwelveBit
 .bss.boundaryWasOverrun
                0x0000000020000368        0x1 ./Core/Src/mySrc/MotorWriters.o
                0x0000000020000368                boundaryWasOverrun
 .bss.boundaryOverrunIllegalDirection
                0x0000000020000369        0x1 ./Core/Src/mySrc/MotorWriters.o
                0x0000000020000369                boundaryOverrunIllegalDirection
 *fill*         0x000000002000036a        0x2 
 .bss.currentYSpeed
                0x000000002000036c        0x4 ./Core/Src/mySrc/MotorWriters.o
                0x000000002000036c                currentYSpeed
 .bss.currentYDirection
                0x0000000020000370        0x1 ./Core/Src/mySrc/MotorWriters.o
                0x0000000020000370                currentYDirection
 *fill*         0x0000000020000371        0x1 
 .bss.YSpeedTwelveBit
                0x0000000020000372        0x2 ./Core/Src/mySrc/MotorWriters.o
                0x0000000020000372                YSpeedTwelveBit
 .bss.p_htim3   0x0000000020000374        0x4 ./Core/Src/mySrc/myMain.o
                0x0000000020000374                p_htim3
 .bss.p_htim4   0x0000000020000378        0x4 ./Core/Src/mySrc/myMain.o
                0x0000000020000378                p_htim4
 .bss.p_htim9   0x000000002000037c        0x4 ./Core/Src/mySrc/myMain.o
                0x000000002000037c                p_htim9
 .bss.p_hdac    0x0000000020000380        0x4 ./Core/Src/mySrc/myMain.o
                0x0000000020000380                p_hdac
 .bss.p_hspi2   0x0000000020000384        0x4 ./Core/Src/mySrc/myMain.o
                0x0000000020000384                p_hspi2
 .bss.lastRobotPosition
                0x0000000020000388        0x4 ./Core/Src/mySrc/myMain.o
                0x0000000020000388                lastRobotPosition
 .bss.currentRobotPosition
                0x000000002000038c        0x4 ./Core/Src/mySrc/myMain.o
                0x000000002000038c                currentRobotPosition
 .bss.lastRobotPositionUpdateTime
                0x0000000020000390        0x4 ./Core/Src/mySrc/myMain.o
                0x0000000020000390                lastRobotPositionUpdateTime
 .bss.currentRobotPositionUpdateTime
                0x0000000020000394        0x4 ./Core/Src/mySrc/myMain.o
                0x0000000020000394                currentRobotPositionUpdateTime
 .bss.targetPosition
                0x0000000020000398        0x4 ./Core/Src/mySrc/myMain.o
                0x0000000020000398                targetPosition
 .bss.xTravel   0x000000002000039c        0x4 ./Core/Src/mySrc/myMain.o
                0x000000002000039c                xTravel
 .bss.yTravel   0x00000000200003a0        0x4 ./Core/Src/mySrc/myMain.o
                0x00000000200003a0                yTravel